Archive member included to satisfy reference by file (symbol)

.pioenvs/aurola/libd59/librt-thread.a(components.o)
                              .pioenvs/aurola/src/syscall.o (entry)
.pioenvs/aurola/libd59/librt-thread.a(context_gcc.o)
                              .pioenvs/aurola/src/drivers/drv_usart.o (rt_hw_interrupt_disable)
.pioenvs/aurola/libd59/librt-thread.a(cpuport.o)
                              .pioenvs/aurola/libd59/librt-thread.a(context_gcc.o) (rt_hw_hard_fault_exception)
.pioenvs/aurola/libd59/librt-thread.a(device.o)
                              .pioenvs/aurola/src/drivers/drv_usart.o (rt_device_register)
.pioenvs/aurola/libd59/librt-thread.a(idle.o)
                              .pioenvs/aurola/libd59/librt-thread.a(components.o) (rt_thread_idle_init)
.pioenvs/aurola/libd59/librt-thread.a(irq.o)
                              .pioenvs/aurola/src/drivers/drv_usart.o (rt_interrupt_enter)
.pioenvs/aurola/libd59/librt-thread.a(kservice.o)
                              .pioenvs/aurola/libd59/librt-thread.a(device.o) (rt_set_errno)
.pioenvs/aurola/libd59/librt-thread.a(mem.o)
                              .pioenvs/aurola/libd59/librt-thread.a(device.o) (rt_malloc)
.pioenvs/aurola/libd59/librt-thread.a(object.o)
                              .pioenvs/aurola/libd59/librt-thread.a(device.o) (rt_object_get_information)
.pioenvs/aurola/libd59/librt-thread.a(scheduler.o)
                              .pioenvs/aurola/libd59/librt-thread.a(components.o) (rt_system_scheduler_init)
.pioenvs/aurola/libd59/librt-thread.a(thread.o)
                              .pioenvs/aurola/libd59/librt-thread.a(idle.o) (rt_thread_init)
.pioenvs/aurola/libd59/librt-thread.a(timer.o)
                              .pioenvs/aurola/libd59/librt-thread.a(thread.o) (rt_timer_init)
.pioenvs/aurola/libd59/librt-thread.a(clock.o)
                              .pioenvs/aurola/libd59/librt-thread.a(timer.o) (rt_tick_get)
.pioenvs/aurola/libd59/librt-thread.a(ipc.o)
                              .pioenvs/aurola/libd59/librt-thread.a(mem.o) (rt_sem_init)
.pioenvs/aurola/lib049/librt-bsp_stm32f0xx_hal.a(board.o)
                              .pioenvs/aurola/libd59/librt-thread.a(components.o) (rt_hw_board_init)
.pioenvs/aurola/lib049/librt-bsp_stm32f0xx_hal.a(gcc_startup.o)
                              (Reset_Handler)
/Users/chenks/.platformio/packages/toolchain-gccarmnoneeabi/bin/../lib/gcc/arm-none-eabi/7.2.1/../../../../arm-none-eabi/lib/thumb/v6-m/libc_nano.a(lib_a-exit.o)
                              /Users/chenks/.platformio/packages/toolchain-gccarmnoneeabi/bin/../lib/gcc/arm-none-eabi/7.2.1/../../../../arm-none-eabi/lib/thumb/v6-m/crt0.o (exit)
/Users/chenks/.platformio/packages/toolchain-gccarmnoneeabi/bin/../lib/gcc/arm-none-eabi/7.2.1/../../../../arm-none-eabi/lib/thumb/v6-m/libc_nano.a(lib_a-impure.o)
                              /Users/chenks/.platformio/packages/toolchain-gccarmnoneeabi/bin/../lib/gcc/arm-none-eabi/7.2.1/../../../../arm-none-eabi/lib/thumb/v6-m/libc_nano.a(lib_a-exit.o) (_global_impure_ptr)
/Users/chenks/.platformio/packages/toolchain-gccarmnoneeabi/bin/../lib/gcc/arm-none-eabi/7.2.1/../../../../arm-none-eabi/lib/thumb/v6-m/libc_nano.a(lib_a-init.o)
                              /Users/chenks/.platformio/packages/toolchain-gccarmnoneeabi/bin/../lib/gcc/arm-none-eabi/7.2.1/../../../../arm-none-eabi/lib/thumb/v6-m/crt0.o (__libc_init_array)
/Users/chenks/.platformio/packages/toolchain-gccarmnoneeabi/bin/../lib/gcc/arm-none-eabi/7.2.1/../../../../arm-none-eabi/lib/thumb/v6-m/libc_nano.a(lib_a-memset.o)
                              /Users/chenks/.platformio/packages/toolchain-gccarmnoneeabi/bin/../lib/gcc/arm-none-eabi/7.2.1/../../../../arm-none-eabi/lib/thumb/v6-m/crt0.o (memset)
/Users/chenks/.platformio/packages/toolchain-gccarmnoneeabi/bin/../lib/gcc/arm-none-eabi/7.2.1/thumb/v6-m/libgcc.a(_thumb1_case_uqi.o)
                              .pioenvs/aurola/libd59/librt-thread.a(timer.o) (__gnu_thumb1_case_uqi)
/Users/chenks/.platformio/packages/toolchain-gccarmnoneeabi/bin/../lib/gcc/arm-none-eabi/7.2.1/thumb/v6-m/libgcc.a(_udivsi3.o)
                              .pioenvs/aurola/src/periph/pwm.o (__aeabi_uidiv)
/Users/chenks/.platformio/packages/toolchain-gccarmnoneeabi/bin/../lib/gcc/arm-none-eabi/7.2.1/thumb/v6-m/libgcc.a(_divsi3.o)
                              .pioenvs/aurola/libd59/librt-thread.a(clock.o) (__aeabi_idiv)
/Users/chenks/.platformio/packages/toolchain-gccarmnoneeabi/bin/../lib/gcc/arm-none-eabi/7.2.1/thumb/v6-m/libgcc.a(_dvmd_tls.o)
                              /Users/chenks/.platformio/packages/toolchain-gccarmnoneeabi/bin/../lib/gcc/arm-none-eabi/7.2.1/thumb/v6-m/libgcc.a(_udivsi3.o) (__aeabi_idiv0)
/Users/chenks/.platformio/packages/toolchain-gccarmnoneeabi/bin/../lib/gcc/arm-none-eabi/7.2.1/../../../../arm-none-eabi/lib/thumb/v6-m/libnosys.a(_exit.o)
[...]
Memory Configuration

Name             Origin             Length             Attributes
RAM              0x0000000020000000 0x0000000000002000 xrw
FLASH            0x0000000008000000 0x0000000000010000 xr
*default*        0x0000000000000000 0xffffffffffffffff

Linker script and memory map

LOAD /Users/chenks/.platformio/packages/toolchain-gccarmnoneeabi/bin/../lib/gcc/arm-none-eabi/7.2.1/thumb/v6-m/crti.o
LOAD /Users/chenks/.platformio/packages/toolchain-gccarmnoneeabi/bin/../lib/gcc/arm-none-eabi/7.2.1/thumb/v6-m/crtbegin.o
LOAD /Users/chenks/.platformio/packages/toolchain-gccarmnoneeabi/bin/../lib/gcc/arm-none-eabi/7.2.1/../../../../arm-none-eabi/lib/thumb/v6-m/crt0.o
LOAD .pioenvs/aurola/src/cmd_bridge.o
LOAD .pioenvs/aurola/src/drivers/drv_usart.o
LOAD .pioenvs/aurola/src/fan.o
LOAD .pioenvs/aurola/src/hwclock.o
LOAD .pioenvs/aurola/src/intensity.o
LOAD .pioenvs/aurola/src/log.o
LOAD .pioenvs/aurola/src/main.o
LOAD .pioenvs/aurola/src/periph/ec11.o
LOAD .pioenvs/aurola/src/periph/i2c.o
LOAD .pioenvs/aurola/src/periph/pwm.o
LOAD .pioenvs/aurola/src/periph/stm32f0xx_it.o
LOAD .pioenvs/aurola/src/syscall.o
LOAD .pioenvs/aurola/src/thermometry.o
START GROUP
LOAD .pioenvs/aurola/libe4e/librt-finsh.a
LOAD .pioenvs/aurola/libd59/librt-thread.a
LOAD .pioenvs/aurola/lib049/librt-bsp_stm32f0xx_hal.a
LOAD /Users/chenks/.platformio/packages/toolchain-gccarmnoneeabi/bin/../lib/gcc/arm-none-eabi/7.2.1/../../../../arm-none-eabi/lib/thumb/v6-m/libc_nano.a
LOAD /Users/chenks/.platformio/packages/toolchain-gccarmnoneeabi/bin/../lib/gcc/arm-none-eabi/7.2.1/thumb/v6-m/libgcc.a
LOAD /Users/chenks/.platformio/packages/toolchain-gccarmnoneeabi/bin/../lib/gcc/arm-none-eabi/7.2.1/../../../../arm-none-eabi/lib/thumb/v6-m/libm.a
LOAD /Users/chenks/.platformio/packages/toolchain-gccarmnoneeabi/bin/../lib/gcc/arm-none-eabi/7.2.1/../../../../arm-none-eabi/lib/thumb/v6-m/libstdc++_nano.a
LOAD /Users/chenks/.platformio/packages/toolchain-gccarmnoneeabi/bin/../lib/gcc/arm-none-eabi/7.2.1/../../../../arm-none-eabi/lib/thumb/v6-m/libnosys.a
LOAD .pioenvs/aurola/libFrameworkHALDriver.a
LOAD .pioenvs/aurola/libFrameworkCMSISDevice.a
END GROUP
START GROUP
LOAD /Users/chenks/.platformio/packages/toolchain-gccarmnoneeabi/bin/../lib/gcc/arm-none-eabi/7.2.1/thumb/v6-m/libgcc.a
LOAD /Users/chenks/.platformio/packages/toolchain-gccarmnoneeabi/bin/../lib/gcc/arm-none-eabi/7.2.1/../../../../arm-none-eabi/lib/thumb/v6-m/libc_nano.a
END GROUP
START GROUP
LOAD /Users/chenks/.platformio/packages/toolchain-gccarmnoneeabi/bin/../lib/gcc/arm-none-eabi/7.2.1/thumb/v6-m/libgcc.a
LOAD /Users/chenks/.platformio/packages/toolchain-gccarmnoneeabi/bin/../lib/gcc/arm-none-eabi/7.2.1/../../../../arm-none-eabi/lib/thumb/v6-m/libc_nano.a
LOAD /Users/chenks/.platformio/packages/toolchain-gccarmnoneeabi/bin/../lib/gcc/arm-none-eabi/7.2.1/../../../../arm-none-eabi/lib/thumb/v6-m/libnosys.a
END GROUP
START GROUP
LOAD /Users/chenks/.platformio/packages/toolchain-gccarmnoneeabi/bin/../lib/gcc/arm-none-eabi/7.2.1/thumb/v6-m/libgcc.a
LOAD /Users/chenks/.platformio/packages/toolchain-gccarmnoneeabi/bin/../lib/gcc/arm-none-eabi/7.2.1/../../../../arm-none-eabi/lib/thumb/v6-m/libc_nano.a
LOAD /Users/chenks/.platformio/packages/toolchain-gccarmnoneeabi/bin/../lib/gcc/arm-none-eabi/7.2.1/../../../../arm-none-eabi/lib/thumb/v6-m/libnosys.a
END GROUP
LOAD /Users/chenks/.platformio/packages/toolchain-gccarmnoneeabi/bin/../lib/gcc/arm-none-eabi/7.2.1/thumb/v6-m/crtend.o
LOAD /Users/chenks/.platformio/packages/toolchain-gccarmnoneeabi/bin/../lib/gcc/arm-none-eabi/7.2.1/thumb/v6-m/crtn.o
                0x0000000020002000                _estack = 0x20002000
                0x0000000000000200                _Min_Heap_Size = 0x200
                0x0000000000000400                _Min_Stack_Size = 0x400

.isr_vector     0x0000000008000000        0x0
                0x0000000008000000                . = ALIGN (0x4)
 *(.isr_vector)
                0x0000000008000000                . = ALIGN (0x4)

.text           0x0000000008000000     0x2110
                0x0000000008000000                . = ALIGN (0x4)
 *(.text)
 .text          0x0000000008000000       0x48 /Users/chenks/.platformio/packages/toolchain-gccarmnoneeabi/bin/../lib/gcc/arm-none-eabi/7.2.1/thumb/v6-m/crtbegin.o
 .text          0x0000000008000048       0xe4 .pioenvs/aurola/libd59/librt-thread.a(context_gcc.o)
                0x0000000008000048                rt_hw_interrupt_disable
                0x0000000008000050                rt_hw_interrupt_enable
                0x0000000008000056                rt_hw_context_switch
                0x0000000008000056                rt_hw_context_switch_interrupt
                0x0000000008000072                PendSV_Handler
                0x00000000080000c6                rt_hw_context_switch_to
                0x00000000080000f6                rt_hw_interrupt_thread_switch
                0x00000000080000fa                HardFault_Handler
                0x0000000008000106                rt_hw_interrupt_check
 .text          0x000000000800012c       0x14 /Users/chenks/.platformio/packages/toolchain-gccarmnoneeabi/bin/../lib/gcc/arm-none-eabi/7.2.1/thumb/v6-m/libgcc.a(_thumb1_case_uqi.o)
                0x000000000800012c                __gnu_thumb1_case_uqi
 .text          0x0000000008000140      0x114 /Users/chenks/.platformio/packages/toolchain-gccarmnoneeabi/bin/../lib/gcc/arm-none-eabi/7.2.1/thumb/v6-m/libgcc.a(_udivsi3.o)
                0x0000000008000140                __udivsi3
                0x0000000008000140                __aeabi_uidiv
                0x000000000800024c                __aeabi_uidivmod
 .text          0x0000000008000254        0x4 /Users/chenks/.platformio/packages/toolchain-gccarmnoneeabi/bin/../lib/gcc/arm-none-eabi/7.2.1/thumb/v6-m/libgcc.a(_dvmd_tls.o)
                0x0000000008000254                __aeabi_ldiv0
                0x0000000008000254                __aeabi_idiv0
 *(.text*)
 .text.startup.main
                0x0000000008000258       0x50 .pioenvs/aurola/src/main.o
                0x0000000008000258                main
 .text.rti_end  0x00000000080002a8        0x4 .pioenvs/aurola/libd59/librt-thread.a(components.o)
 .text.rti_board_start
                0x00000000080002ac        0x4 .pioenvs/aurola/libd59/librt-thread.a(components.o)
 .text.rti_board_end
                0x00000000080002b0        0x4 .pioenvs/aurola/libd59/librt-thread.a(components.o)
 .text.rt_components_board_init
                0x00000000080002b4       0x1c .pioenvs/aurola/libd59/librt-thread.a(components.o)
                0x00000000080002b4                rt_components_board_init
 .text.rt_components_init
                0x00000000080002d0       0x1c .pioenvs/aurola/libd59/librt-thread.a(components.o)
                0x00000000080002d0                rt_components_init
 .text.main_thread_entry
                0x00000000080002ec        0xc .pioenvs/aurola/libd59/librt-thread.a(components.o)
                0x00000000080002ec                main_thread_entry
 .text.rt_application_init
                0x00000000080002f8       0x28 .pioenvs/aurola/libd59/librt-thread.a(components.o)
                0x00000000080002f8                rt_application_init
 .text.rtthread_startup
                0x0000000008000320       0x2a .pioenvs/aurola/libd59/librt-thread.a(components.o)
                0x0000000008000320                rtthread_startup
 .text.entry    0x000000000800034a        0xe .pioenvs/aurola/libd59/librt-thread.a(components.o)
                0x000000000800034a                entry
 .text.rt_hw_stack_init
                0x0000000008000358       0x34 .pioenvs/aurola/libd59/librt-thread.a(cpuport.o)
                0x0000000008000358                rt_hw_stack_init
 .text.rt_hw_hard_fault_exception
                0x000000000800038c       0x7c .pioenvs/aurola/libd59/librt-thread.a(cpuport.o)
                0x000000000800038c                rt_hw_hard_fault_exception
 .text.rt_device_find
                0x0000000008000408       0x52 .pioenvs/aurola/libd59/librt-thread.a(device.o)
                0x0000000008000408                rt_device_find
 *fill*         0x000000000800045a        0x2 
 .text.rt_device_open
                0x000000000800045c       0x78 .pioenvs/aurola/libd59/librt-thread.a(device.o)
                0x000000000800045c                rt_device_open
 .text.rt_device_close
                0x00000000080004d4       0x38 .pioenvs/aurola/libd59/librt-thread.a(device.o)
                0x00000000080004d4                rt_device_close
 .text.rt_device_write
                0x000000000800050c       0x22 .pioenvs/aurola/libd59/librt-thread.a(device.o)
                0x000000000800050c                rt_device_write
 *fill*         0x000000000800052e        0x2 
 .text.rt_thread_idle_excute
                0x0000000008000530       0x6c .pioenvs/aurola/libd59/librt-thread.a(idle.o)
                0x0000000008000530                rt_thread_idle_excute
 .text.rt_thread_idle_entry
                0x000000000800059c        0x8 .pioenvs/aurola/libd59/librt-thread.a(idle.o)
 .text.rt_thread_idle_init
                0x00000000080005a4       0x38 .pioenvs/aurola/libd59/librt-thread.a(idle.o)
                0x00000000080005a4                rt_thread_idle_init
 .text.rt_interrupt_get_nest
                0x00000000080005dc        0xc .pioenvs/aurola/libd59/librt-thread.a(irq.o)
                0x00000000080005dc                rt_interrupt_get_nest
 .text.print_number
                0x00000000080005e8      0x188 .pioenvs/aurola/libd59/librt-thread.a(kservice.o)
 .text.rt_set_errno
                0x0000000008000770       0x24 .pioenvs/aurola/libd59/librt-thread.a(kservice.o)
                0x0000000008000770                rt_set_errno
 .text.rt_memset
                0x0000000008000794       0x10 .pioenvs/aurola/libd59/librt-thread.a(kservice.o)
                0x0000000008000794                rt_memset
 .text.rt_strncpy
                0x00000000080007a4       0x2e .pioenvs/aurola/libd59/librt-thread.a(kservice.o)
                0x00000000080007a4                rt_strncpy
 .text.rt_strncmp
                0x00000000080007d2       0x22 .pioenvs/aurola/libd59/librt-thread.a(kservice.o)
                0x00000000080007d2                rt_strncmp
 .text.rt_strlen
                0x00000000080007f4       0x10 .pioenvs/aurola/libd59/librt-thread.a(kservice.o)
                0x00000000080007f4                rt_strlen
 .text.rt_vsnprintf
                0x0000000008000804      0x2c0 .pioenvs/aurola/libd59/librt-thread.a(kservice.o)
                0x0000000008000804                rt_vsnprintf
 .text.rt_console_set_device
                0x0000000008000ac4       0x2c .pioenvs/aurola/libd59/librt-thread.a(kservice.o)
                0x0000000008000ac4                rt_console_set_device
 .text.rt_hw_console_output
                0x0000000008000af0        0x2 .pioenvs/aurola/libd59/librt-thread.a(kservice.o)
                0x0000000008000af0                rt_hw_console_output
 *fill*         0x0000000008000af2        0x2 
 .text.rt_kprintf
                0x0000000008000af4       0x50 .pioenvs/aurola/libd59/librt-thread.a(kservice.o)
                0x0000000008000af4                rt_kprintf
 .text.rt_show_version
                0x0000000008000b44       0x3c .pioenvs/aurola/libd59/librt-thread.a(kservice.o)
                0x0000000008000b44                rt_show_version
 .text.__rt_ffs
                0x0000000008000b80       0x44 .pioenvs/aurola/libd59/librt-thread.a(kservice.o)
                0x0000000008000b80                __rt_ffs
 .text.plug_holes
                0x0000000008000bc4       0x64 .pioenvs/aurola/libd59/librt-thread.a(mem.o)
 .text.rt_system_heap_init
                0x0000000008000c28       0x80 .pioenvs/aurola/libd59/librt-thread.a(mem.o)
                0x0000000008000c28                rt_system_heap_init
 .text.rt_malloc
                0x0000000008000ca8      0x138 .pioenvs/aurola/libd59/librt-thread.a(mem.o)
                0x0000000008000ca8                rt_malloc
 .text.rt_free  0x0000000008000de0       0x98 .pioenvs/aurola/libd59/librt-thread.a(mem.o)
                0x0000000008000de0                rt_free
 .text.rt_object_get_information
                0x0000000008000e78       0x20 .pioenvs/aurola/libd59/librt-thread.a(object.o)
                0x0000000008000e78                rt_object_get_information
 .text.rt_object_init
                0x0000000008000e98       0x3c .pioenvs/aurola/libd59/librt-thread.a(object.o)
                0x0000000008000e98                rt_object_init
 .text.rt_object_detach
                0x0000000008000ed4       0x20 .pioenvs/aurola/libd59/librt-thread.a(object.o)
                0x0000000008000ed4                rt_object_detach
 .text.rt_object_allocate
                0x0000000008000ef4       0x40 .pioenvs/aurola/libd59/librt-thread.a(object.o)
                0x0000000008000ef4                rt_object_allocate
 .text.rt_object_delete
                0x0000000008000f34       0x26 .pioenvs/aurola/libd59/librt-thread.a(object.o)
                0x0000000008000f34                rt_object_delete
 .text.rt_object_is_systemobject
                0x0000000008000f5a        0x8 .pioenvs/aurola/libd59/librt-thread.a(object.o)
                0x0000000008000f5a                rt_object_is_systemobject
 *fill*         0x0000000008000f62        0x2 
 .text.rt_system_scheduler_init
                0x0000000008000f64       0x44 .pioenvs/aurola/libd59/librt-thread.a(scheduler.o)
                0x0000000008000f64                rt_system_scheduler_init
 .text.rt_system_scheduler_start
                0x0000000008000fa8       0x30 .pioenvs/aurola/libd59/librt-thread.a(scheduler.o)
                0x0000000008000fa8                rt_system_scheduler_start
 .text.rt_schedule
                0x0000000008000fd8       0x6c .pioenvs/aurola/libd59/librt-thread.a(scheduler.o)
                0x0000000008000fd8                rt_schedule
 .text.rt_schedule_insert_thread
                0x0000000008001044       0x4c .pioenvs/aurola/libd59/librt-thread.a(scheduler.o)
                0x0000000008001044                rt_schedule_insert_thread
 .text.rt_schedule_remove_thread
                0x0000000008001090       0x44 .pioenvs/aurola/libd59/librt-thread.a(scheduler.o)
                0x0000000008001090                rt_schedule_remove_thread
 .text.rt_enter_critical
                0x00000000080010d4       0x18 .pioenvs/aurola/libd59/librt-thread.a(scheduler.o)
                0x00000000080010d4                rt_enter_critical
 .text.rt_exit_critical
                0x00000000080010ec       0x2c .pioenvs/aurola/libd59/librt-thread.a(scheduler.o)
                0x00000000080010ec                rt_exit_critical
 .text.rt_thread_exit
                0x0000000008001118       0x60 .pioenvs/aurola/libd59/librt-thread.a(thread.o)
                0x0000000008001118                rt_thread_exit
 .text.rt_thread_timeout
                0x0000000008001178       0x24 .pioenvs/aurola/libd59/librt-thread.a(thread.o)
                0x0000000008001178                rt_thread_timeout
 .text.rt_thread_init
                0x000000000800119c       0x84 .pioenvs/aurola/libd59/librt-thread.a(thread.o)
                0x000000000800119c                rt_thread_init
 .text.rt_thread_self
                0x0000000008001220        0xc .pioenvs/aurola/libd59/librt-thread.a(thread.o)
                0x0000000008001220                rt_thread_self
 .text.rt_thread_create
                0x000000000800122c       0xa0 .pioenvs/aurola/libd59/librt-thread.a(thread.o)
                0x000000000800122c                rt_thread_create
 .text.rt_thread_suspend
                0x00000000080012cc       0x40 .pioenvs/aurola/libd59/librt-thread.a(thread.o)
                0x00000000080012cc                rt_thread_suspend
 .text.rt_thread_resume
                0x000000000800130c       0x48 .pioenvs/aurola/libd59/librt-thread.a(thread.o)
                0x000000000800130c                rt_thread_resume
 .text.rt_thread_startup
                0x0000000008001354       0x34 .pioenvs/aurola/libd59/librt-thread.a(thread.o)
                0x0000000008001354                rt_thread_startup
 .text._rt_timer_remove
                0x0000000008001388       0x14 .pioenvs/aurola/libd59/librt-thread.a(timer.o)
 .text.rt_timer_init
                0x000000000800139c       0x34 .pioenvs/aurola/libd59/librt-thread.a(timer.o)
                0x000000000800139c                rt_timer_init
 .text.rt_timer_detach
                0x00000000080013d0       0x20 .pioenvs/aurola/libd59/librt-thread.a(timer.o)
                0x00000000080013d0                rt_timer_detach
 .text.rt_timer_start
                0x00000000080013f0       0x7c .pioenvs/aurola/libd59/librt-thread.a(timer.o)
                0x00000000080013f0                rt_timer_start
 .text.rt_timer_stop
                0x000000000800146c       0x2e .pioenvs/aurola/libd59/librt-thread.a(timer.o)
                0x000000000800146c                rt_timer_stop
 .text.rt_timer_control
                0x000000000800149a       0x32 .pioenvs/aurola/libd59/librt-thread.a(timer.o)
                0x000000000800149a                rt_timer_control
 .text.rt_system_timer_init
                0x00000000080014cc        0xc .pioenvs/aurola/libd59/librt-thread.a(timer.o)
                0x00000000080014cc                rt_system_timer_init
 .text.rt_system_timer_thread_init
                0x00000000080014d8        0x2 .pioenvs/aurola/libd59/librt-thread.a(timer.o)
                0x00000000080014d8                rt_system_timer_thread_init
 *fill*         0x00000000080014da        0x2 
 .text.rt_tick_get
                0x00000000080014dc        0xc .pioenvs/aurola/libd59/librt-thread.a(clock.o)
                0x00000000080014dc                rt_tick_get
 .text.rt_ipc_list_suspend
                0x00000000080014e8       0x54 .pioenvs/aurola/libd59/librt-thread.a(ipc.o)
 .text.rt_sem_init
                0x000000000800153c       0x20 .pioenvs/aurola/libd59/librt-thread.a(ipc.o)
                0x000000000800153c                rt_sem_init
 .text.rt_sem_take
                0x000000000800155c       0x6a .pioenvs/aurola/libd59/librt-thread.a(ipc.o)
                0x000000000800155c                rt_sem_take
 .text.rt_sem_release
                0x00000000080015c6       0x38 .pioenvs/aurola/libd59/librt-thread.a(ipc.o)
                0x00000000080015c6                rt_sem_release
 *fill*         0x00000000080015fe        0x2 
 .text.rt_hw_board_init
                0x0000000008001600       0xdc .pioenvs/aurola/lib049/librt-bsp_stm32f0xx_hal.a(board.o)
                0x0000000008001600                rt_hw_board_init
 .text.Reset_Handler
                0x00000000080016dc       0x50 .pioenvs/aurola/lib049/librt-bsp_stm32f0xx_hal.a(gcc_startup.o)
                0x00000000080016dc                Reset_Handler
 .text.__libc_init_array
                0x000000000800172c       0x48 /Users/chenks/.platformio/packages/toolchain-gccarmnoneeabi/bin/../lib/gcc/arm-none-eabi/7.2.1/../../../../arm-none-eabi/lib/thumb/v6-m/libc_nano.a(lib_a-init.o)
                0x000000000800172c                __libc_init_array
 .text.HAL_MspInit
                0x0000000008001774        0x2 .pioenvs/aurola/libFrameworkHALDriver.a(stm32f0xx_hal.o)
                0x0000000008001774                HAL_MspInit
 .text.HAL_InitTick
                0x0000000008001776       0x24 .pioenvs/aurola/libFrameworkHALDriver.a(stm32f0xx_hal.o)
                0x0000000008001776                HAL_InitTick
 *fill*         0x000000000800179a        0x2 
 .text.HAL_Init
                0x000000000800179c       0x20 .pioenvs/aurola/libFrameworkHALDriver.a(stm32f0xx_hal.o)
                0x000000000800179c                HAL_Init
 .text.HAL_GetTick
                0x00000000080017bc        0xc .pioenvs/aurola/libFrameworkHALDriver.a(stm32f0xx_hal.o)
                0x00000000080017bc                HAL_GetTick
 .text.HAL_Delay
                0x00000000080017c8       0x20 .pioenvs/aurola/libFrameworkHALDriver.a(stm32f0xx_hal.o)
                0x00000000080017c8                HAL_Delay
 .text.HAL_NVIC_SetPriority
                0x00000000080017e8       0x54 .pioenvs/aurola/libFrameworkHALDriver.a(stm32f0xx_hal_cortex.o)
                0x00000000080017e8                HAL_NVIC_SetPriority
 .text.HAL_SYSTICK_Config
                0x000000000800183c       0x34 .pioenvs/aurola/libFrameworkHALDriver.a(stm32f0xx_hal_cortex.o)
                0x000000000800183c                HAL_SYSTICK_Config
 .text.HAL_SYSTICK_CLKSourceConfig
                0x0000000008001870       0x1c .pioenvs/aurola/libFrameworkHALDriver.a(stm32f0xx_hal_cortex.o)
                0x0000000008001870                HAL_SYSTICK_CLKSourceConfig
 .text.HAL_GPIO_Init
                0x000000000800188c      0x160 .pioenvs/aurola/libFrameworkHALDriver.a(stm32f0xx_hal_gpio.o)
                0x000000000800188c                HAL_GPIO_Init
 .text.HAL_GPIO_TogglePin
                0x00000000080019ec        0x8 .pioenvs/aurola/libFrameworkHALDriver.a(stm32f0xx_hal_gpio.o)
                0x00000000080019ec                HAL_GPIO_TogglePin
 .text.HAL_RCC_OscConfig
                0x00000000080019f4      0x3c4 .pioenvs/aurola/libFrameworkHALDriver.a(stm32f0xx_hal_rcc.o)
                0x00000000080019f4                HAL_RCC_OscConfig
 .text.HAL_RCC_GetSysClockFreq
                0x0000000008001db8       0x64 .pioenvs/aurola/libFrameworkHALDriver.a(stm32f0xx_hal_rcc.o)
                0x0000000008001db8                HAL_RCC_GetSysClockFreq
 .text.HAL_RCC_ClockConfig
                0x0000000008001e1c      0x130 .pioenvs/aurola/libFrameworkHALDriver.a(stm32f0xx_hal_rcc.o)
                0x0000000008001e1c                HAL_RCC_ClockConfig
 .text.HAL_RCC_GetHCLKFreq
                0x0000000008001f4c        0xc .pioenvs/aurola/libFrameworkHALDriver.a(stm32f0xx_hal_rcc.o)
                0x0000000008001f4c                HAL_RCC_GetHCLKFreq
 .text.SystemInit
                0x0000000008001f58       0x60 .pioenvs/aurola/libFrameworkCMSISDevice.a(system_stm32f0xx.o)
                0x0000000008001f58                SystemInit
 .text.object_split
                0x0000000008001fb8       0x18 .pioenvs/aurola/libe4e/librt-finsh.a(cmd.o)
 .text.object_name_maxlen
                0x0000000008001fd0       0x38 .pioenvs/aurola/libe4e/librt-finsh.a(cmd.o)
 .text.list_thread
                0x0000000008002008       0xdc .pioenvs/aurola/libe4e/librt-finsh.a(cmd.o)
                0x0000000008002008                list_thread
 .text.memcpy   0x00000000080020e4       0x12 /Users/chenks/.platformio/packages/toolchain-gccarmnoneeabi/bin/../lib/gcc/arm-none-eabi/7.2.1/../../../../arm-none-eabi/lib/thumb/v6-m/libc_nano.a(lib_a-memcpy-stub.o)
                0x00000000080020e4                memcpy
 *(.glue_7)
 .glue_7        0x00000000080020f6        0x0 linker stubs
 *(.glue_7t)
 .glue_7t       0x00000000080020f6        0x0 linker stubs
 *(.eh_frame)
 *fill*         0x00000000080020f6        0x2 
 .eh_frame      0x00000000080020f8        0x0 /Users/chenks/.platformio/packages/toolchain-gccarmnoneeabi/bin/../lib/gcc/arm-none-eabi/7.2.1/thumb/v6-m/crtbegin.o
 *(.init)
 .init          0x00000000080020f8        0x4 /Users/chenks/.platformio/packages/toolchain-gccarmnoneeabi/bin/../lib/gcc/arm-none-eabi/7.2.1/thumb/v6-m/crti.o
                0x00000000080020f8                _init
 .init          0x00000000080020fc        0x8 /Users/chenks/.platformio/packages/toolchain-gccarmnoneeabi/bin/../lib/gcc/arm-none-eabi/7.2.1/thumb/v6-m/crtn.o
 *(.fini)
 .fini          0x0000000008002104        0x4 /Users/chenks/.platformio/packages/toolchain-gccarmnoneeabi/bin/../lib/gcc/arm-none-eabi/7.2.1/thumb/v6-m/crti.o
                0x0000000008002104                _fini
 .fini          0x0000000008002108        0x8 /Users/chenks/.platformio/packages/toolchain-gccarmnoneeabi/bin/../lib/gcc/arm-none-eabi/7.2.1/thumb/v6-m/crtn.o
                0x0000000008002110                . = ALIGN (0x4)
                0x0000000008002110                _etext = .

.vfp11_veneer   0x0000000008002110        0x0
 .vfp11_veneer  0x0000000008002110        0x0 linker stubs

.v4_bx          0x0000000008002110        0x0
 .v4_bx         0x0000000008002110        0x0 linker stubs

.iplt           0x0000000008002110        0x0
 .iplt          0x0000000008002110        0x0 /Users/chenks/.platformio/packages/toolchain-gccarmnoneeabi/bin/../lib/gcc/arm-none-eabi/7.2.1/thumb/v6-m/crtbegin.o

.rodata         0x0000000008002110      0x428
                0x0000000008002110                . = ALIGN (0x4)
 *(.rodata)
 .rodata        0x0000000008002110       0x20 .pioenvs/aurola/libFrameworkHALDriver.a(stm32f0xx_hal_rcc.o)
 *(.rodata*)
 .rodata.rt_application_init.str1.1
                0x0000000008002130        0x5 .pioenvs/aurola/libd59/librt-thread.a(components.o)
 .rodata.rt_hw_hard_fault_exception.str1.1
                0x0000000008002135       0x82 .pioenvs/aurola/libd59/librt-thread.a(cpuport.o)
 .rodata.rt_device_init.str1.1
                0x00000000080021b7       0x36 .pioenvs/aurola/libd59/librt-thread.a(device.o)
 .rodata.rt_thread_idle_init.str1.1
                0x00000000080021ed        0x6 .pioenvs/aurola/libd59/librt-thread.a(idle.o)
 .rodata.__lowest_bit_bitmap
                0x00000000080021f3      0x100 .pioenvs/aurola/libd59/librt-thread.a(kservice.o)
                0x00000000080021f3                __lowest_bit_bitmap
 .rodata.large_digits.5475
                0x00000000080022f3       0x11 .pioenvs/aurola/libd59/librt-thread.a(kservice.o)
 .rodata.rt_show_version.str1.1
                0x0000000008002304       0x81 .pioenvs/aurola/libd59/librt-thread.a(kservice.o)
 .rodata.rt_vsnprintf.str1.1
                0x0000000008002385        0x7 .pioenvs/aurola/libd59/librt-thread.a(kservice.o)
 .rodata.small_digits.5474
                0x000000000800238c       0x11 .pioenvs/aurola/libd59/librt-thread.a(kservice.o)
 .rodata.rt_free.str1.1
                0x000000000800239d       0x4b .pioenvs/aurola/libd59/librt-thread.a(mem.o)
 .rodata.rt_system_heap_init.str1.1
                0x00000000080023e8       0x3f .pioenvs/aurola/libd59/librt-thread.a(mem.o)
 .rodata.rt_hw_board_init.str1.1
                0x0000000008002427       0x1e .pioenvs/aurola/lib049/librt-bsp_stm32f0xx_hal.a(board.o)
 .rodata.AHBPrescTable
                0x0000000008002445       0x10 .pioenvs/aurola/libFrameworkCMSISDevice.a(system_stm32f0xx.o)
                0x0000000008002445                AHBPrescTable
 .rodata.list_thread.str1.1
                0x0000000008002455       0xe0 .pioenvs/aurola/libe4e/librt-finsh.a(cmd.o)
 .rodata.object_split.str1.1
                0x0000000008002535        0x2 .pioenvs/aurola/libe4e/librt-finsh.a(cmd.o)
                0x0000000008002538                . = ALIGN (0x4)
 *fill*         0x0000000008002537        0x1 

.rti_fn.0.end   0x0000000008002538        0x4
 .rti_fn.0.end  0x0000000008002538        0x4 .pioenvs/aurola/libd59/librt-thread.a(components.o)
                0x0000000008002538                __rt_init_rti_board_start

.rti_fn.1.end   0x000000000800253c        0x4
 .rti_fn.1.end  0x000000000800253c        0x4 .pioenvs/aurola/libd59/librt-thread.a(components.o)
                0x000000000800253c                __rt_init_rti_board_end

.rti_fn.6.end   0x0000000008002540        0x4
 .rti_fn.6.end  0x0000000008002540        0x4 .pioenvs/aurola/libd59/librt-thread.a(components.o)
                0x0000000008002540                __rt_init_rti_end

.rel.dyn        0x0000000008002544        0x0
 .rel.iplt      0x0000000008002544        0x0 /Users/chenks/.platformio/packages/toolchain-gccarmnoneeabi/bin/../lib/gcc/arm-none-eabi/7.2.1/thumb/v6-m/crtbegin.o

.ARM.extab
 *(.ARM.extab* .gnu.linkonce.armextab.*)

.ARM            0x0000000008002544        0x0
                0x0000000008002544                __exidx_start = .
 *(.ARM.exidx*)
                0x0000000008002544                __exidx_end = .

.preinit_array  0x0000000008002544        0x0
                0x0000000008002544                PROVIDE (__preinit_array_start, .)
 *(.preinit_array*)
                0x0000000008002544                PROVIDE (__preinit_array_end, .)

.init_array     0x0000000008002544        0x4
                0x0000000008002544                PROVIDE (__init_array_start, .)
 *(SORT_BY_NAME(.init_array.*))
 *(.init_array*)
 .init_array    0x0000000008002544        0x4 /Users/chenks/.platformio/packages/toolchain-gccarmnoneeabi/bin/../lib/gcc/arm-none-eabi/7.2.1/thumb/v6-m/crtbegin.o
                0x0000000008002548                PROVIDE (__init_array_end, .)

.fini_array     0x0000000008002548        0x4
                [!provide]                        PROVIDE (__fini_array_start, .)
 *(SORT_BY_NAME(.fini_array.*))
 *(.fini_array*)
 .fini_array    0x0000000008002548        0x4 /Users/chenks/.platformio/packages/toolchain-gccarmnoneeabi/bin/../lib/gcc/arm-none-eabi/7.2.1/thumb/v6-m/crtbegin.o
                [!provide]                        PROVIDE (__fini_array_end, .)
                0x000000000800254c                _sidata = LOADADDR (.data)

.data           0x0000000020000000       0x54 load address 0x000000000800254c
                0x0000000020000000                . = ALIGN (0x4)
                0x0000000020000000                _sdata = .
 *(.data)
 *(.data*)
 .data.rt_object_container
                0x0000000020000000       0x50 .pioenvs/aurola/libd59/librt-thread.a(object.o)
 .data.SystemCoreClock
                0x0000000020000050        0x4 .pioenvs/aurola/libFrameworkCMSISDevice.a(system_stm32f0xx.o)
                0x0000000020000050                SystemCoreClock
                0x0000000020000054                . = ALIGN (0x4)
                0x0000000020000054                _edata = .

.igot.plt       0x0000000020000054        0x0 load address 0x00000000080025a0
 .igot.plt      0x0000000020000054        0x0 /Users/chenks/.platformio/packages/toolchain-gccarmnoneeabi/bin/../lib/gcc/arm-none-eabi/7.2.1/thumb/v6-m/crtbegin.o
                0x0000000020000054                . = ALIGN (0x4)

.bss            0x0000000020000054      0x2d0 load address 0x00000000080025a0
                0x0000000020000054                _sbss = .
                0x0000000020000054                __bss_start__ = _sbss
 *(.bss)
 .bss           0x0000000020000054       0x1c /Users/chenks/.platformio/packages/toolchain-gccarmnoneeabi/bin/../lib/gcc/arm-none-eabi/7.2.1/thumb/v6-m/crtbegin.o
 *(.bss*)
 .bss.idle      0x0000000020000070       0x78 .pioenvs/aurola/libd59/librt-thread.a(idle.o)
 .bss.rt_thread_stack
                0x00000000200000e8      0x100 .pioenvs/aurola/libd59/librt-thread.a(idle.o)
 .bss.__rt_errno
                0x00000000200001e8        0x4 .pioenvs/aurola/libd59/librt-thread.a(kservice.o)
 .bss._console_device
                0x00000000200001ec        0x4 .pioenvs/aurola/libd59/librt-thread.a(kservice.o)
 .bss.rt_log_buf.5585
                0x00000000200001f0       0x80 .pioenvs/aurola/libd59/librt-thread.a(kservice.o)
 .bss.heap_end  0x0000000020000270        0x4 .pioenvs/aurola/libd59/librt-thread.a(mem.o)
 .bss.heap_ptr  0x0000000020000274        0x4 .pioenvs/aurola/libd59/librt-thread.a(mem.o)
 .bss.heap_sem  0x0000000020000278       0x20 .pioenvs/aurola/libd59/librt-thread.a(mem.o)
 .bss.lfree     0x0000000020000298        0x4 .pioenvs/aurola/libd59/librt-thread.a(mem.o)
 .bss.max_mem   0x000000002000029c        0x4 .pioenvs/aurola/libd59/librt-thread.a(mem.o)
 .bss.mem_size_aligned
                0x00000000200002a0        0x4 .pioenvs/aurola/libd59/librt-thread.a(mem.o)
 .bss.used_mem  0x00000000200002a4        0x4 .pioenvs/aurola/libd59/librt-thread.a(mem.o)
 .bss.rt_scheduler_lock_nest
                0x00000000200002a8        0x2 .pioenvs/aurola/libd59/librt-thread.a(scheduler.o)
 *fill*         0x00000000200002aa        0x2 
 .bss.random_nr.5378
                0x00000000200002ac        0x4 .pioenvs/aurola/libd59/librt-thread.a(timer.o)
 .bss.rt_timer_list
                0x00000000200002b0        0x8 .pioenvs/aurola/libd59/librt-thread.a(timer.o)
 .bss.rt_tick   0x00000000200002b8        0x4 .pioenvs/aurola/libd59/librt-thread.a(clock.o)
 *(COMMON)
 COMMON         0x00000000200002bc        0xc .pioenvs/aurola/libd59/librt-thread.a(cpuport.o)
                0x00000000200002bc                rt_interrupt_to_thread
                0x00000000200002c0                rt_interrupt_from_thread
                0x00000000200002c4                rt_thread_switch_interrupt_flag
 COMMON         0x00000000200002c8        0x1 .pioenvs/aurola/libd59/librt-thread.a(irq.o)
                0x00000000200002c8                rt_interrupt_nest
 *fill*         0x00000000200002c9        0x3 
 COMMON         0x00000000200002cc       0x54 .pioenvs/aurola/libd59/librt-thread.a(scheduler.o)
                0x00000000200002cc                rt_thread_priority_table
                0x000000002000030c                rt_current_priority
                0x0000000020000310                rt_current_thread
                0x0000000020000314                rt_thread_ready_priority_group
                0x0000000020000318                rt_thread_defunct
 COMMON         0x0000000020000320        0x4 .pioenvs/aurola/libFrameworkHALDriver.a(stm32f0xx_hal.o)
                0x0000000020000320                uwTick
                0x0000000020000324                . = ALIGN (0x4)
                0x0000000020000324                _ebss = .
                0x0000000020000324                __bss_end__ = _ebss

._user_heap_stack
                0x0000000020000324      0x600 load address 0x00000000080025a0
                0x0000000020000324                . = ALIGN (0x4)
                [!provide]                        PROVIDE (end, .)
                [!provide]                        PROVIDE (_end, .)
                0x0000000020000524                . = (. + _Min_Heap_Size)
 *fill*         0x0000000020000324      0x200 
                0x0000000020000924                . = (. + _Min_Stack_Size)
 *fill*         0x0000000020000524      0x400 
                0x0000000020000924                . = ALIGN (0x4)

/DISCARD/
 libc.a(*)
 libm.a(*)
 libgcc.a(*)

.ARM.attributes
                0x0000000000000000       0x28
 *(.ARM.attributes)
 .ARM.attributes
                0x0000000000000000       0x1e /Users/chenks/.platformio/packages/toolchain-gccarmnoneeabi/bin/../lib/gcc/arm-none-eabi/7.2.1/thumb/v6-m/crti.o
 .ARM.attributes
                0x000000000000001e       0x2c /Users/chenks/.platformio/packages/toolchain-gccarmnoneeabi/bin/../lib/gcc/arm-none-eabi/7.2.1/thumb/v6-m/crtbegin.o
 .ARM.attributes
                0x000000000000004a       0x31 .pioenvs/aurola/src/main.o
 .ARM.attributes
                0x000000000000007b       0x31 .pioenvs/aurola/libd59/librt-thread.a(components.o)
 .ARM.attributes
                0x00000000000000ac       0x21 .pioenvs/aurola/libd59/librt-thread.a(context_gcc.o)
 .ARM.attributes
                0x00000000000000cd       0x31 .pioenvs/aurola/libd59/librt-thread.a(cpuport.o)
 .ARM.attributes
                0x00000000000000fe       0x31 .pioenvs/aurola/libd59/librt-thread.a(device.o)
 .ARM.attributes
                0x000000000000012f       0x31 .pioenvs/aurola/libd59/librt-thread.a(idle.o)
 .ARM.attributes
                0x0000000000000160       0x31 .pioenvs/aurola/libd59/librt-thread.a(irq.o)
 .ARM.attributes
                0x0000000000000191       0x31 .pioenvs/aurola/libd59/librt-thread.a(kservice.o)
 .ARM.attributes
                0x00000000000001c2       0x31 .pioenvs/aurola/libd59/librt-thread.a(mem.o)
 .ARM.attributes
                0x00000000000001f3       0x31 .pioenvs/aurola/libd59/librt-thread.a(object.o)
 .ARM.attributes
                0x0000000000000224       0x31 .pioenvs/aurola/libd59/librt-thread.a(scheduler.o)
 .ARM.attributes
                0x0000000000000255       0x31 .pioenvs/aurola/libd59/librt-thread.a(thread.o)
 .ARM.attributes
                0x0000000000000286       0x31 .pioenvs/aurola/libd59/librt-thread.a(timer.o)
 .ARM.attributes
                0x00000000000002b7       0x31 .pioenvs/aurola/libd59/librt-thread.a(clock.o)
 .ARM.attributes
                0x00000000000002e8       0x31 .pioenvs/aurola/libd59/librt-thread.a(ipc.o)
 .ARM.attributes
                0x0000000000000319       0x31 .pioenvs/aurola/lib049/librt-bsp_stm32f0xx_hal.a(board.o)
 .ARM.attributes
                0x000000000000034a       0x21 .pioenvs/aurola/lib049/librt-bsp_stm32f0xx_hal.a(gcc_startup.o)
 .ARM.attributes
                0x000000000000036b       0x2c /Users/chenks/.platformio/packages/toolchain-gccarmnoneeabi/bin/../lib/gcc/arm-none-eabi/7.2.1/../../../../arm-none-eabi/lib/thumb/v6-m/libc_nano.a(lib_a-init.o)
 .ARM.attributes
                0x0000000000000397       0x1e /Users/chenks/.platformio/packages/toolchain-gccarmnoneeabi/bin/../lib/gcc/arm-none-eabi/7.2.1/thumb/v6-m/libgcc.a(_thumb1_case_uqi.o)
 .ARM.attributes
                0x00000000000003b5       0x1e /Users/chenks/.platformio/packages/toolchain-gccarmnoneeabi/bin/../lib/gcc/arm-none-eabi/7.2.1/thumb/v6-m/libgcc.a(_udivsi3.o)
 .ARM.attributes
                0x00000000000003d3       0x1e /Users/chenks/.platformio/packages/toolchain-gccarmnoneeabi/bin/../lib/gcc/arm-none-eabi/7.2.1/thumb/v6-m/libgcc.a(_dvmd_tls.o)
 .ARM.attributes
                0x00000000000003f1       0x31 .pioenvs/aurola/libFrameworkHALDriver.a(stm32f0xx_hal.o)
 .ARM.attributes
                0x0000000000000422       0x31 .pioenvs/aurola/libFrameworkHALDriver.a(stm32f0xx_hal_cortex.o)
 .ARM.attributes
                0x0000000000000453       0x31 .pioenvs/aurola/libFrameworkHALDriver.a(stm32f0xx_hal_gpio.o)
 .ARM.attributes
                0x0000000000000484       0x31 .pioenvs/aurola/libFrameworkHALDriver.a(stm32f0xx_hal_rcc.o)
 .ARM.attributes
                0x00000000000004b5       0x31 .pioenvs/aurola/libFrameworkCMSISDevice.a(system_stm32f0xx.o)
 .ARM.attributes
                0x00000000000004e6       0x31 .pioenvs/aurola/libe4e/librt-finsh.a(cmd.o)
 .ARM.attributes
                0x0000000000000517       0x2c /Users/chenks/.platformio/packages/toolchain-gccarmnoneeabi/bin/../lib/gcc/arm-none-eabi/7.2.1/../../../../arm-none-eabi/lib/thumb/v6-m/libc_nano.a(lib_a-memcpy-stub.o)
 .ARM.attributes
                0x0000000000000543       0x1e /Users/chenks/.platformio/packages/toolchain-gccarmnoneeabi/bin/../lib/gcc/arm-none-eabi/7.2.1/thumb/v6-m/crtn.o
OUTPUT(.pioenvs/aurola/firmware.elf elf32-littlearm)

.comment        0x0000000000000000       0x7e
 .comment       0x0000000000000000       0x7e .pioenvs/aurola/src/main.o
                                         0x7f (size before relaxing)
 .comment       0x000000000000007e       0x7f .pioenvs/aurola/libd59/librt-thread.a(components.o)
 .comment       0x000000000000007e       0x7f .pioenvs/aurola/libd59/librt-thread.a(cpuport.o)
 .comment       0x000000000000007e       0x7f .pioenvs/aurola/libd59/librt-thread.a(device.o)
 .comment       0x000000000000007e       0x7f .pioenvs/aurola/libd59/librt-thread.a(idle.o)
 .comment       0x000000000000007e       0x7f .pioenvs/aurola/libd59/librt-thread.a(irq.o)
 .comment       0x000000000000007e       0x7f .pioenvs/aurola/libd59/librt-thread.a(kservice.o)
 .comment       0x000000000000007e       0x7f .pioenvs/aurola/libd59/librt-thread.a(mem.o)
 .comment       0x000000000000007e       0x7f .pioenvs/aurola/libd59/librt-thread.a(object.o)
 .comment       0x000000000000007e       0x7f .pioenvs/aurola/libd59/librt-thread.a(scheduler.o)
 .comment       0x000000000000007e       0x7f .pioenvs/aurola/libd59/librt-thread.a(thread.o)
 .comment       0x000000000000007e       0x7f .pioenvs/aurola/libd59/librt-thread.a(timer.o)
 .comment       0x000000000000007e       0x7f .pioenvs/aurola/libd59/librt-thread.a(clock.o)
 .comment       0x000000000000007e       0x7f .pioenvs/aurola/libd59/librt-thread.a(ipc.o)
 .comment       0x000000000000007e       0x7f .pioenvs/aurola/lib049/librt-bsp_stm32f0xx_hal.a(board.o)
 .comment       0x000000000000007e       0x7f .pioenvs/aurola/libFrameworkHALDriver.a(stm32f0xx_hal.o)
 .comment       0x000000000000007e       0x7f .pioenvs/aurola/libFrameworkHALDriver.a(stm32f0xx_hal_cortex.o)
 .comment       0x000000000000007e       0x7f .pioenvs/aurola/libFrameworkHALDriver.a(stm32f0xx_hal_gpio.o)
 .comment       0x000000000000007e       0x7f .pioenvs/aurola/libFrameworkHALDriver.a(stm32f0xx_hal_rcc.o)
 .comment       0x000000000000007e       0x7f .pioenvs/aurola/libFrameworkCMSISDevice.a(system_stm32f0xx.o)
 .comment       0x000000000000007e       0x7f .pioenvs/aurola/libe4e/librt-finsh.a(cmd.o)

.debug_frame    0x0000000000000000       0x74
 .debug_frame   0x0000000000000000       0x2c /Users/chenks/.platformio/packages/toolchain-gccarmnoneeabi/bin/../lib/gcc/arm-none-eabi/7.2.1/../../../../arm-none-eabi/lib/thumb/v6-m/libc_nano.a(lib_a-init.o)
 .debug_frame   0x000000000000002c       0x20 /Users/chenks/.platformio/packages/toolchain-gccarmnoneeabi/bin/../lib/gcc/arm-none-eabi/7.2.1/thumb/v6-m/libgcc.a(_udivsi3.o)
 .debug_frame   0x000000000000004c       0x28 /Users/chenks/.platformio/packages/toolchain-gccarmnoneeabi/bin/../lib/gcc/arm-none-eabi/7.2.1/../../../../arm-none-eabi/lib/thumb/v6-m/libc_nano.a(lib_a-memcpy-stub.o)

Cross Reference Table

Symbol                                            File
AHBPrescTable                                     .pioenvs/aurola/libFrameworkCMSISDevice.a(system_stm32f0xx.o)
                                                  .pioenvs/aurola/libFrameworkHALDriver.a(stm32f0xx_hal_rcc.o)
APBPrescTable                                     .pioenvs/aurola/libFrameworkCMSISDevice.a(system_stm32f0xx.o)
                                                  .pioenvs/aurola/libFrameworkHALDriver.a(stm32f0xx_hal_rcc.o)
HAL_DBGMCU_DisableDBGStandbyMode                  .pioenvs/aurola/libFrameworkHALDriver.a(stm32f0xx_hal.o)
HAL_DBGMCU_DisableDBGStopMode                     .pioenvs/aurola/libFrameworkHALDriver.a(stm32f0xx_hal.o)
HAL_DBGMCU_EnableDBGStandbyMode                   .pioenvs/aurola/libFrameworkHALDriver.a(stm32f0xx_hal.o)
HAL_DBGMCU_EnableDBGStopMode                      .pioenvs/aurola/libFrameworkHALDriver.a(stm32f0xx_hal.o)
HAL_DMA_Abort                                     .pioenvs/aurola/libFrameworkHALDriver.a(stm32f0xx_hal_dma.o)
                                                  .pioenvs/aurola/libFrameworkHALDriver.a(stm32f0xx_hal_uart.o)
                                                  .pioenvs/aurola/libFrameworkHALDriver.a(stm32f0xx_hal_tim.o)
HAL_DMA_Abort_IT                                  .pioenvs/aurola/libFrameworkHALDriver.a(stm32f0xx_hal_dma.o)
                                                  .pioenvs/aurola/libFrameworkHALDriver.a(stm32f0xx_hal_uart.o)
                                                  .pioenvs/aurola/libFrameworkHALDriver.a(stm32f0xx_hal_i2c.o)
HAL_DMA_DeInit                                    .pioenvs/aurola/libFrameworkHALDriver.a(stm32f0xx_hal_dma.o)
HAL_DMA_GetError                                  .pioenvs/aurola/libFrameworkHALDriver.a(stm32f0xx_hal_dma.o)
HAL_DMA_GetState                                  .pioenvs/aurola/libFrameworkHALDriver.a(stm32f0xx_hal_dma.o)
HAL_DMA_IRQHandler                                .pioenvs/aurola/libFrameworkHALDriver.a(stm32f0xx_hal_dma.o)
HAL_DMA_Init                                      .pioenvs/aurola/libFrameworkHALDriver.a(stm32f0xx_hal_dma.o)
                                                  .pioenvs/aurola/src/periph/i2c.o
HAL_DMA_PollForTransfer                           .pioenvs/aurola/libFrameworkHALDriver.a(stm32f0xx_hal_dma.o)
HAL_DMA_RegisterCallback                          .pioenvs/aurola/libFrameworkHALDriver.a(stm32f0xx_hal_dma.o)
HAL_DMA_Start                                     .pioenvs/aurola/libFrameworkHALDriver.a(stm32f0xx_hal_dma.o)
HAL_DMA_Start_IT                                  .pioenvs/aurola/libFrameworkHALDriver.a(stm32f0xx_hal_dma.o)
                                                  .pioenvs/aurola/libFrameworkHALDriver.a(stm32f0xx_hal_uart.o)
                                                  .pioenvs/aurola/libFrameworkHALDriver.a(stm32f0xx_hal_tim_ex.o)
                                                  .pioenvs/aurola/libFrameworkHALDriver.a(stm32f0xx_hal_tim.o)
                                                  .pioenvs/aurola/libFrameworkHALDriver.a(stm32f0xx_hal_i2c.o)
HAL_DMA_UnRegisterCallback                        .pioenvs/aurola/libFrameworkHALDriver.a(stm32f0xx_hal_dma.o)
HAL_DeInit                                        .pioenvs/aurola/libFrameworkHALDriver.a(stm32f0xx_hal.o)
HAL_Delay                                         .pioenvs/aurola/libFrameworkHALDriver.a(stm32f0xx_hal.o)
                                                  .pioenvs/aurola/src/main.o
HAL_GPIO_DeInit                                   .pioenvs/aurola/libFrameworkHALDriver.a(stm32f0xx_hal_gpio.o)
HAL_GPIO_EXTI_Callback                            .pioenvs/aurola/libFrameworkHALDriver.a(stm32f0xx_hal_gpio.o)
HAL_GPIO_EXTI_IRQHandler                          .pioenvs/aurola/libFrameworkHALDriver.a(stm32f0xx_hal_gpio.o)
HAL_GPIO_Init                                     .pioenvs/aurola/libFrameworkHALDriver.a(stm32f0xx_hal_gpio.o)
                                                  .pioenvs/aurola/libFrameworkHALDriver.a(stm32f0xx_hal_rcc.o)
                                                  .pioenvs/aurola/src/periph/i2c.o
                                                  .pioenvs/aurola/src/main.o
                                                  .pioenvs/aurola/src/drivers/drv_usart.o
HAL_GPIO_LockPin                                  .pioenvs/aurola/libFrameworkHALDriver.a(stm32f0xx_hal_gpio.o)
HAL_GPIO_ReadPin                                  .pioenvs/aurola/libFrameworkHALDriver.a(stm32f0xx_hal_gpio.o)
HAL_GPIO_TogglePin                                .pioenvs/aurola/libFrameworkHALDriver.a(stm32f0xx_hal_gpio.o)
                                                  .pioenvs/aurola/src/main.o
HAL_GPIO_WritePin                                 .pioenvs/aurola/libFrameworkHALDriver.a(stm32f0xx_hal_gpio.o)
HAL_GetDEVID                                      .pioenvs/aurola/libFrameworkHALDriver.a(stm32f0xx_hal.o)
HAL_GetHalVersion                                 .pioenvs/aurola/libFrameworkHALDriver.a(stm32f0xx_hal.o)
HAL_GetREVID                                      .pioenvs/aurola/libFrameworkHALDriver.a(stm32f0xx_hal.o)
HAL_GetTick                                       .pioenvs/aurola/libFrameworkHALDriver.a(stm32f0xx_hal.o)
                                                  .pioenvs/aurola/libFrameworkHALDriver.a(stm32f0xx_hal_uart_ex.o)
                                                  .pioenvs/aurola/libFrameworkHALDriver.a(stm32f0xx_hal_uart.o)
                                                  .pioenvs/aurola/libFrameworkHALDriver.a(stm32f0xx_hal_rcc.o)
                                                  .pioenvs/aurola/libFrameworkHALDriver.a(stm32f0xx_hal_i2c.o)
                                                  .pioenvs/aurola/libFrameworkHALDriver.a(stm32f0xx_hal_dma.o)
HAL_GetUIDw0                                      .pioenvs/aurola/libFrameworkHALDriver.a(stm32f0xx_hal.o)
HAL_GetUIDw1                                      .pioenvs/aurola/libFrameworkHALDriver.a(stm32f0xx_hal.o)
HAL_GetUIDw2                                      .pioenvs/aurola/libFrameworkHALDriver.a(stm32f0xx_hal.o)
HAL_HalfDuplex_EnableReceiver                     .pioenvs/aurola/libFrameworkHALDriver.a(stm32f0xx_hal_uart.o)
HAL_HalfDuplex_EnableTransmitter                  .pioenvs/aurola/libFrameworkHALDriver.a(stm32f0xx_hal_uart.o)
HAL_HalfDuplex_Init                               .pioenvs/aurola/libFrameworkHALDriver.a(stm32f0xx_hal_uart.o)
HAL_I2CEx_ConfigAnalogFilter                      .pioenvs/aurola/libFrameworkHALDriver.a(stm32f0xx_hal_i2c_ex.o)
                                                  .pioenvs/aurola/src/periph/i2c.o
HAL_I2CEx_ConfigDigitalFilter                     .pioenvs/aurola/libFrameworkHALDriver.a(stm32f0xx_hal_i2c_ex.o)
                                                  .pioenvs/aurola/src/periph/i2c.o
HAL_I2CEx_DisableFastModePlus                     .pioenvs/aurola/libFrameworkHALDriver.a(stm32f0xx_hal_i2c_ex.o)
HAL_I2CEx_DisableWakeUp                           .pioenvs/aurola/libFrameworkHALDriver.a(stm32f0xx_hal_i2c_ex.o)
HAL_I2CEx_EnableFastModePlus                      .pioenvs/aurola/libFrameworkHALDriver.a(stm32f0xx_hal_i2c_ex.o)
HAL_I2CEx_EnableWakeUp                            .pioenvs/aurola/libFrameworkHALDriver.a(stm32f0xx_hal_i2c_ex.o)
HAL_I2C_AbortCpltCallback                         .pioenvs/aurola/libFrameworkHALDriver.a(stm32f0xx_hal_i2c.o)
HAL_I2C_AddrCallback                              .pioenvs/aurola/libFrameworkHALDriver.a(stm32f0xx_hal_i2c.o)
HAL_I2C_DeInit                                    .pioenvs/aurola/libFrameworkHALDriver.a(stm32f0xx_hal_i2c.o)
HAL_I2C_DisableListen_IT                          .pioenvs/aurola/libFrameworkHALDriver.a(stm32f0xx_hal_i2c.o)
HAL_I2C_ER_IRQHandler                             .pioenvs/aurola/libFrameworkHALDriver.a(stm32f0xx_hal_i2c.o)
                                                  .pioenvs/aurola/src/periph/stm32f0xx_it.o
HAL_I2C_EV_IRQHandler                             .pioenvs/aurola/libFrameworkHALDriver.a(stm32f0xx_hal_i2c.o)
                                                  .pioenvs/aurola/src/periph/stm32f0xx_it.o
HAL_I2C_EnableListen_IT                           .pioenvs/aurola/libFrameworkHALDriver.a(stm32f0xx_hal_i2c.o)
HAL_I2C_ErrorCallback                             .pioenvs/aurola/libFrameworkHALDriver.a(stm32f0xx_hal_i2c.o)
HAL_I2C_GetError                                  .pioenvs/aurola/libFrameworkHALDriver.a(stm32f0xx_hal_i2c.o)
HAL_I2C_GetMode                                   .pioenvs/aurola/libFrameworkHALDriver.a(stm32f0xx_hal_i2c.o)
HAL_I2C_GetState                                  .pioenvs/aurola/libFrameworkHALDriver.a(stm32f0xx_hal_i2c.o)
HAL_I2C_Init                                      .pioenvs/aurola/libFrameworkHALDriver.a(stm32f0xx_hal_i2c.o)
                                                  .pioenvs/aurola/src/periph/i2c.o
HAL_I2C_IsDeviceReady                             .pioenvs/aurola/libFrameworkHALDriver.a(stm32f0xx_hal_i2c.o)
HAL_I2C_ListenCpltCallback                        .pioenvs/aurola/libFrameworkHALDriver.a(stm32f0xx_hal_i2c.o)
HAL_I2C_MasterRxCpltCallback                      .pioenvs/aurola/libFrameworkHALDriver.a(stm32f0xx_hal_i2c.o)
HAL_I2C_MasterTxCpltCallback                      .pioenvs/aurola/libFrameworkHALDriver.a(stm32f0xx_hal_i2c.o)
HAL_I2C_Master_Abort_IT                           .pioenvs/aurola/libFrameworkHALDriver.a(stm32f0xx_hal_i2c.o)
HAL_I2C_Master_Receive                            .pioenvs/aurola/libFrameworkHALDriver.a(stm32f0xx_hal_i2c.o)
HAL_I2C_Master_Receive_DMA                        .pioenvs/aurola/libFrameworkHALDriver.a(stm32f0xx_hal_i2c.o)
HAL_I2C_Master_Receive_IT                         .pioenvs/aurola/libFrameworkHALDriver.a(stm32f0xx_hal_i2c.o)
HAL_I2C_Master_Sequential_Receive_IT              .pioenvs/aurola/libFrameworkHALDriver.a(stm32f0xx_hal_i2c.o)
HAL_I2C_Master_Sequential_Transmit_IT             .pioenvs/aurola/libFrameworkHALDriver.a(stm32f0xx_hal_i2c.o)
HAL_I2C_Master_Transmit                           .pioenvs/aurola/libFrameworkHALDriver.a(stm32f0xx_hal_i2c.o)
HAL_I2C_Master_Transmit_DMA                       .pioenvs/aurola/libFrameworkHALDriver.a(stm32f0xx_hal_i2c.o)
HAL_I2C_Master_Transmit_IT                        .pioenvs/aurola/libFrameworkHALDriver.a(stm32f0xx_hal_i2c.o)
HAL_I2C_MemRxCpltCallback                         .pioenvs/aurola/libFrameworkHALDriver.a(stm32f0xx_hal_i2c.o)
HAL_I2C_MemTxCpltCallback                         .pioenvs/aurola/libFrameworkHALDriver.a(stm32f0xx_hal_i2c.o)
HAL_I2C_Mem_Read                                  .pioenvs/aurola/libFrameworkHALDriver.a(stm32f0xx_hal_i2c.o)
HAL_I2C_Mem_Read_DMA                              .pioenvs/aurola/libFrameworkHALDriver.a(stm32f0xx_hal_i2c.o)
HAL_I2C_Mem_Read_IT                               .pioenvs/aurola/libFrameworkHALDriver.a(stm32f0xx_hal_i2c.o)
HAL_I2C_Mem_Write                                 .pioenvs/aurola/libFrameworkHALDriver.a(stm32f0xx_hal_i2c.o)
HAL_I2C_Mem_Write_DMA                             .pioenvs/aurola/libFrameworkHALDriver.a(stm32f0xx_hal_i2c.o)
HAL_I2C_Mem_Write_IT                              .pioenvs/aurola/libFrameworkHALDriver.a(stm32f0xx_hal_i2c.o)
HAL_I2C_MspDeInit                                 .pioenvs/aurola/libFrameworkHALDriver.a(stm32f0xx_hal_i2c.o)
HAL_I2C_MspInit                                   .pioenvs/aurola/libFrameworkHALDriver.a(stm32f0xx_hal_i2c.o)
HAL_I2C_SlaveRxCpltCallback                       .pioenvs/aurola/libFrameworkHALDriver.a(stm32f0xx_hal_i2c.o)
HAL_I2C_SlaveTxCpltCallback                       .pioenvs/aurola/libFrameworkHALDriver.a(stm32f0xx_hal_i2c.o)
HAL_I2C_Slave_Receive                             .pioenvs/aurola/libFrameworkHALDriver.a(stm32f0xx_hal_i2c.o)
HAL_I2C_Slave_Receive_DMA                         .pioenvs/aurola/libFrameworkHALDriver.a(stm32f0xx_hal_i2c.o)
HAL_I2C_Slave_Receive_IT                          .pioenvs/aurola/libFrameworkHALDriver.a(stm32f0xx_hal_i2c.o)
HAL_I2C_Slave_Sequential_Receive_IT               .pioenvs/aurola/libFrameworkHALDriver.a(stm32f0xx_hal_i2c.o)
HAL_I2C_Slave_Sequential_Transmit_IT              .pioenvs/aurola/libFrameworkHALDriver.a(stm32f0xx_hal_i2c.o)
HAL_I2C_Slave_Transmit                            .pioenvs/aurola/libFrameworkHALDriver.a(stm32f0xx_hal_i2c.o)
HAL_I2C_Slave_Transmit_DMA                        .pioenvs/aurola/libFrameworkHALDriver.a(stm32f0xx_hal_i2c.o)
HAL_I2C_Slave_Transmit_IT                         .pioenvs/aurola/libFrameworkHALDriver.a(stm32f0xx_hal_i2c.o)
HAL_IncTick                                       .pioenvs/aurola/libFrameworkHALDriver.a(stm32f0xx_hal.o)
HAL_Init                                          .pioenvs/aurola/libFrameworkHALDriver.a(stm32f0xx_hal.o)
                                                  .pioenvs/aurola/src/main.o
HAL_InitTick                                      .pioenvs/aurola/libFrameworkHALDriver.a(stm32f0xx_hal.o)
                                                  .pioenvs/aurola/libFrameworkHALDriver.a(stm32f0xx_hal_rcc.o)
HAL_LIN_Init                                      .pioenvs/aurola/libFrameworkHALDriver.a(stm32f0xx_hal_uart_ex.o)
HAL_LIN_SendBreak                                 .pioenvs/aurola/libFrameworkHALDriver.a(stm32f0xx_hal_uart_ex.o)
HAL_MspDeInit                                     .pioenvs/aurola/libFrameworkHALDriver.a(stm32f0xx_hal.o)
HAL_MspInit                                       .pioenvs/aurola/libFrameworkHALDriver.a(stm32f0xx_hal.o)
HAL_MultiProcessorEx_AddressLength_Set            .pioenvs/aurola/libFrameworkHALDriver.a(stm32f0xx_hal_uart_ex.o)
HAL_MultiProcessor_DisableMuteMode                .pioenvs/aurola/libFrameworkHALDriver.a(stm32f0xx_hal_uart.o)
HAL_MultiProcessor_EnableMuteMode                 .pioenvs/aurola/libFrameworkHALDriver.a(stm32f0xx_hal_uart.o)
HAL_MultiProcessor_EnterMuteMode                  .pioenvs/aurola/libFrameworkHALDriver.a(stm32f0xx_hal_uart.o)
HAL_MultiProcessor_Init                           .pioenvs/aurola/libFrameworkHALDriver.a(stm32f0xx_hal_uart.o)
HAL_NVIC_ClearPendingIRQ                          .pioenvs/aurola/libFrameworkHALDriver.a(stm32f0xx_hal_cortex.o)
HAL_NVIC_DisableIRQ                               .pioenvs/aurola/libFrameworkHALDriver.a(stm32f0xx_hal_cortex.o)
HAL_NVIC_EnableIRQ                                .pioenvs/aurola/libFrameworkHALDriver.a(stm32f0xx_hal_cortex.o)
HAL_NVIC_GetPendingIRQ                            .pioenvs/aurola/libFrameworkHALDriver.a(stm32f0xx_hal_cortex.o)
HAL_NVIC_GetPriority                              .pioenvs/aurola/libFrameworkHALDriver.a(stm32f0xx_hal_cortex.o)
HAL_NVIC_SetPendingIRQ                            .pioenvs/aurola/libFrameworkHALDriver.a(stm32f0xx_hal_cortex.o)
HAL_NVIC_SetPriority                              .pioenvs/aurola/libFrameworkHALDriver.a(stm32f0xx_hal_cortex.o)
                                                  .pioenvs/aurola/libFrameworkHALDriver.a(stm32f0xx_hal.o)
                                                  .pioenvs/aurola/lib049/librt-bsp_stm32f0xx_hal.a(board.o)
HAL_NVIC_SystemReset                              .pioenvs/aurola/libFrameworkHALDriver.a(stm32f0xx_hal_cortex.o)
HAL_RCC_CSSCallback                               .pioenvs/aurola/libFrameworkHALDriver.a(stm32f0xx_hal_rcc.o)
HAL_RCC_ClockConfig                               .pioenvs/aurola/libFrameworkHALDriver.a(stm32f0xx_hal_rcc.o)
                                                  .pioenvs/aurola/lib049/librt-bsp_stm32f0xx_hal.a(board.o)
HAL_RCC_DeInit                                    .pioenvs/aurola/libFrameworkHALDriver.a(stm32f0xx_hal_rcc.o)
HAL_RCC_DisableCSS                                .pioenvs/aurola/libFrameworkHALDriver.a(stm32f0xx_hal_rcc.o)
HAL_RCC_EnableCSS                                 .pioenvs/aurola/libFrameworkHALDriver.a(stm32f0xx_hal_rcc.o)
HAL_RCC_GetClockConfig                            .pioenvs/aurola/libFrameworkHALDriver.a(stm32f0xx_hal_rcc.o)
HAL_RCC_GetHCLKFreq                               .pioenvs/aurola/libFrameworkHALDriver.a(stm32f0xx_hal_rcc.o)
                                                  .pioenvs/aurola/libFrameworkHALDriver.a(stm32f0xx_hal.o)
                                                  .pioenvs/aurola/lib049/librt-bsp_stm32f0xx_hal.a(board.o)
HAL_RCC_GetOscConfig                              .pioenvs/aurola/libFrameworkHALDriver.a(stm32f0xx_hal_rcc.o)
HAL_RCC_GetPCLK1Freq                              .pioenvs/aurola/libFrameworkHALDriver.a(stm32f0xx_hal_rcc.o)
                                                  .pioenvs/aurola/libFrameworkHALDriver.a(stm32f0xx_hal_uart.o)
HAL_RCC_GetSysClockFreq                           .pioenvs/aurola/libFrameworkHALDriver.a(stm32f0xx_hal_rcc.o)
                                                  .pioenvs/aurola/libFrameworkHALDriver.a(stm32f0xx_hal_uart.o)
HAL_RCC_MCOConfig                                 .pioenvs/aurola/libFrameworkHALDriver.a(stm32f0xx_hal_rcc.o)
HAL_RCC_NMI_IRQHandler                            .pioenvs/aurola/libFrameworkHALDriver.a(stm32f0xx_hal_rcc.o)
HAL_RCC_OscConfig                                 .pioenvs/aurola/libFrameworkHALDriver.a(stm32f0xx_hal_rcc.o)
                                                  .pioenvs/aurola/lib049/librt-bsp_stm32f0xx_hal.a(board.o)
HAL_RS485Ex_Init                                  .pioenvs/aurola/libFrameworkHALDriver.a(stm32f0xx_hal_uart_ex.o)
HAL_ResumeTick                                    .pioenvs/aurola/libFrameworkHALDriver.a(stm32f0xx_hal.o)
HAL_SYSTICK_CLKSourceConfig                       .pioenvs/aurola/libFrameworkHALDriver.a(stm32f0xx_hal_cortex.o)
                                                  .pioenvs/aurola/lib049/librt-bsp_stm32f0xx_hal.a(board.o)
HAL_SYSTICK_Callback                              .pioenvs/aurola/libFrameworkHALDriver.a(stm32f0xx_hal_cortex.o)
HAL_SYSTICK_Config                                .pioenvs/aurola/libFrameworkHALDriver.a(stm32f0xx_hal_cortex.o)
                                                  .pioenvs/aurola/libFrameworkHALDriver.a(stm32f0xx_hal.o)
                                                  .pioenvs/aurola/lib049/librt-bsp_stm32f0xx_hal.a(board.o)
HAL_SYSTICK_IRQHandler                            .pioenvs/aurola/libFrameworkHALDriver.a(stm32f0xx_hal_cortex.o)
HAL_SuspendTick                                   .pioenvs/aurola/libFrameworkHALDriver.a(stm32f0xx_hal.o)
HAL_TIMEx_BreakCallback                           .pioenvs/aurola/libFrameworkHALDriver.a(stm32f0xx_hal_tim_ex.o)
                                                  .pioenvs/aurola/libFrameworkHALDriver.a(stm32f0xx_hal_tim.o)
HAL_TIMEx_CommutationCallback                     .pioenvs/aurola/libFrameworkHALDriver.a(stm32f0xx_hal_tim_ex.o)
                                                  .pioenvs/aurola/libFrameworkHALDriver.a(stm32f0xx_hal_tim.o)
HAL_TIMEx_ConfigBreakDeadTime                     .pioenvs/aurola/libFrameworkHALDriver.a(stm32f0xx_hal_tim_ex.o)
HAL_TIMEx_ConfigCommutationEvent                  .pioenvs/aurola/libFrameworkHALDriver.a(stm32f0xx_hal_tim_ex.o)
HAL_TIMEx_ConfigCommutationEvent_DMA              .pioenvs/aurola/libFrameworkHALDriver.a(stm32f0xx_hal_tim_ex.o)
HAL_TIMEx_ConfigCommutationEvent_IT               .pioenvs/aurola/libFrameworkHALDriver.a(stm32f0xx_hal_tim_ex.o)
HAL_TIMEx_HallSensor_DeInit                       .pioenvs/aurola/libFrameworkHALDriver.a(stm32f0xx_hal_tim_ex.o)
HAL_TIMEx_HallSensor_GetState                     .pioenvs/aurola/libFrameworkHALDriver.a(stm32f0xx_hal_tim_ex.o)
HAL_TIMEx_HallSensor_Init                         .pioenvs/aurola/libFrameworkHALDriver.a(stm32f0xx_hal_tim_ex.o)
HAL_TIMEx_HallSensor_MspDeInit                    .pioenvs/aurola/libFrameworkHALDriver.a(stm32f0xx_hal_tim_ex.o)
HAL_TIMEx_HallSensor_MspInit                      .pioenvs/aurola/libFrameworkHALDriver.a(stm32f0xx_hal_tim_ex.o)
HAL_TIMEx_HallSensor_Start                        .pioenvs/aurola/libFrameworkHALDriver.a(stm32f0xx_hal_tim_ex.o)
HAL_TIMEx_HallSensor_Start_DMA                    .pioenvs/aurola/libFrameworkHALDriver.a(stm32f0xx_hal_tim_ex.o)
HAL_TIMEx_HallSensor_Start_IT                     .pioenvs/aurola/libFrameworkHALDriver.a(stm32f0xx_hal_tim_ex.o)
HAL_TIMEx_HallSensor_Stop                         .pioenvs/aurola/libFrameworkHALDriver.a(stm32f0xx_hal_tim_ex.o)
HAL_TIMEx_HallSensor_Stop_DMA                     .pioenvs/aurola/libFrameworkHALDriver.a(stm32f0xx_hal_tim_ex.o)
HAL_TIMEx_HallSensor_Stop_IT                      .pioenvs/aurola/libFrameworkHALDriver.a(stm32f0xx_hal_tim_ex.o)
HAL_TIMEx_MasterConfigSynchronization             .pioenvs/aurola/libFrameworkHALDriver.a(stm32f0xx_hal_tim_ex.o)
HAL_TIMEx_OCN_Start                               .pioenvs/aurola/libFrameworkHALDriver.a(stm32f0xx_hal_tim_ex.o)
HAL_TIMEx_OCN_Start_DMA                           .pioenvs/aurola/libFrameworkHALDriver.a(stm32f0xx_hal_tim_ex.o)
HAL_TIMEx_OCN_Start_IT                            .pioenvs/aurola/libFrameworkHALDriver.a(stm32f0xx_hal_tim_ex.o)
HAL_TIMEx_OCN_Stop                                .pioenvs/aurola/libFrameworkHALDriver.a(stm32f0xx_hal_tim_ex.o)
HAL_TIMEx_OCN_Stop_DMA                            .pioenvs/aurola/libFrameworkHALDriver.a(stm32f0xx_hal_tim_ex.o)
HAL_TIMEx_OCN_Stop_IT                             .pioenvs/aurola/libFrameworkHALDriver.a(stm32f0xx_hal_tim_ex.o)
HAL_TIMEx_OnePulseN_Start                         .pioenvs/aurola/libFrameworkHALDriver.a(stm32f0xx_hal_tim_ex.o)
HAL_TIMEx_OnePulseN_Start_IT                      .pioenvs/aurola/libFrameworkHALDriver.a(stm32f0xx_hal_tim_ex.o)
HAL_TIMEx_OnePulseN_Stop                          .pioenvs/aurola/libFrameworkHALDriver.a(stm32f0xx_hal_tim_ex.o)
HAL_TIMEx_OnePulseN_Stop_IT                       .pioenvs/aurola/libFrameworkHALDriver.a(stm32f0xx_hal_tim_ex.o)
HAL_TIMEx_PWMN_Start                              .pioenvs/aurola/libFrameworkHALDriver.a(stm32f0xx_hal_tim_ex.o)
HAL_TIMEx_PWMN_Start_DMA                          .pioenvs/aurola/libFrameworkHALDriver.a(stm32f0xx_hal_tim_ex.o)
HAL_TIMEx_PWMN_Start_IT                           .pioenvs/aurola/libFrameworkHALDriver.a(stm32f0xx_hal_tim_ex.o)
HAL_TIMEx_PWMN_Stop                               .pioenvs/aurola/libFrameworkHALDriver.a(stm32f0xx_hal_tim_ex.o)
HAL_TIMEx_PWMN_Stop_DMA                           .pioenvs/aurola/libFrameworkHALDriver.a(stm32f0xx_hal_tim_ex.o)
HAL_TIMEx_PWMN_Stop_IT                            .pioenvs/aurola/libFrameworkHALDriver.a(stm32f0xx_hal_tim_ex.o)
HAL_TIMEx_RemapConfig                             .pioenvs/aurola/libFrameworkHALDriver.a(stm32f0xx_hal_tim_ex.o)
HAL_TIM_Base_DeInit                               .pioenvs/aurola/libFrameworkHALDriver.a(stm32f0xx_hal_tim.o)
HAL_TIM_Base_GetState                             .pioenvs/aurola/libFrameworkHALDriver.a(stm32f0xx_hal_tim.o)
HAL_TIM_Base_Init                                 .pioenvs/aurola/libFrameworkHALDriver.a(stm32f0xx_hal_tim.o)
                                                  .pioenvs/aurola/src/periph/pwm.o
HAL_TIM_Base_MspDeInit                            .pioenvs/aurola/libFrameworkHALDriver.a(stm32f0xx_hal_tim.o)
HAL_TIM_Base_MspInit                              .pioenvs/aurola/libFrameworkHALDriver.a(stm32f0xx_hal_tim.o)
HAL_TIM_Base_Start                                .pioenvs/aurola/libFrameworkHALDriver.a(stm32f0xx_hal_tim.o)
HAL_TIM_Base_Start_DMA                            .pioenvs/aurola/libFrameworkHALDriver.a(stm32f0xx_hal_tim.o)
HAL_TIM_Base_Start_IT                             .pioenvs/aurola/libFrameworkHALDriver.a(stm32f0xx_hal_tim.o)
HAL_TIM_Base_Stop                                 .pioenvs/aurola/libFrameworkHALDriver.a(stm32f0xx_hal_tim.o)
HAL_TIM_Base_Stop_DMA                             .pioenvs/aurola/libFrameworkHALDriver.a(stm32f0xx_hal_tim.o)
HAL_TIM_Base_Stop_IT                              .pioenvs/aurola/libFrameworkHALDriver.a(stm32f0xx_hal_tim.o)
HAL_TIM_ConfigClockSource                         .pioenvs/aurola/libFrameworkHALDriver.a(stm32f0xx_hal_tim.o)
HAL_TIM_ConfigOCrefClear                          .pioenvs/aurola/libFrameworkHALDriver.a(stm32f0xx_hal_tim_ex.o)
                                                  .pioenvs/aurola/libFrameworkHALDriver.a(stm32f0xx_hal_tim.o)
HAL_TIM_ConfigTI1Input                            .pioenvs/aurola/libFrameworkHALDriver.a(stm32f0xx_hal_tim.o)
HAL_TIM_DMABurst_MultiReadStart                   .pioenvs/aurola/libFrameworkHALDriver.a(stm32f0xx_hal_tim.o)
HAL_TIM_DMABurst_MultiWriteStart                  .pioenvs/aurola/libFrameworkHALDriver.a(stm32f0xx_hal_tim.o)
HAL_TIM_DMABurst_ReadStart                        .pioenvs/aurola/libFrameworkHALDriver.a(stm32f0xx_hal_tim.o)
HAL_TIM_DMABurst_ReadStop                         .pioenvs/aurola/libFrameworkHALDriver.a(stm32f0xx_hal_tim.o)
HAL_TIM_DMABurst_WriteStart                       .pioenvs/aurola/libFrameworkHALDriver.a(stm32f0xx_hal_tim.o)
HAL_TIM_DMABurst_WriteStop                        .pioenvs/aurola/libFrameworkHALDriver.a(stm32f0xx_hal_tim.o)
HAL_TIM_Encoder_DeInit                            .pioenvs/aurola/libFrameworkHALDriver.a(stm32f0xx_hal_tim.o)
HAL_TIM_Encoder_GetState                          .pioenvs/aurola/libFrameworkHALDriver.a(stm32f0xx_hal_tim.o)
HAL_TIM_Encoder_Init                              .pioenvs/aurola/libFrameworkHALDriver.a(stm32f0xx_hal_tim.o)
HAL_TIM_Encoder_MspDeInit                         .pioenvs/aurola/libFrameworkHALDriver.a(stm32f0xx_hal_tim.o)
HAL_TIM_Encoder_MspInit                           .pioenvs/aurola/libFrameworkHALDriver.a(stm32f0xx_hal_tim.o)
HAL_TIM_Encoder_Start                             .pioenvs/aurola/libFrameworkHALDriver.a(stm32f0xx_hal_tim.o)
HAL_TIM_Encoder_Start_DMA                         .pioenvs/aurola/libFrameworkHALDriver.a(stm32f0xx_hal_tim.o)
HAL_TIM_Encoder_Start_IT                          .pioenvs/aurola/libFrameworkHALDriver.a(stm32f0xx_hal_tim.o)
HAL_TIM_Encoder_Stop                              .pioenvs/aurola/libFrameworkHALDriver.a(stm32f0xx_hal_tim.o)
HAL_TIM_Encoder_Stop_DMA                          .pioenvs/aurola/libFrameworkHALDriver.a(stm32f0xx_hal_tim.o)
HAL_TIM_Encoder_Stop_IT                           .pioenvs/aurola/libFrameworkHALDriver.a(stm32f0xx_hal_tim.o)
HAL_TIM_ErrorCallback                             .pioenvs/aurola/libFrameworkHALDriver.a(stm32f0xx_hal_tim.o)
HAL_TIM_GenerateEvent                             .pioenvs/aurola/libFrameworkHALDriver.a(stm32f0xx_hal_tim.o)
HAL_TIM_IC_CaptureCallback                        .pioenvs/aurola/libFrameworkHALDriver.a(stm32f0xx_hal_tim.o)
HAL_TIM_IC_ConfigChannel                          .pioenvs/aurola/libFrameworkHALDriver.a(stm32f0xx_hal_tim.o)
HAL_TIM_IC_DeInit                                 .pioenvs/aurola/libFrameworkHALDriver.a(stm32f0xx_hal_tim.o)
HAL_TIM_IC_GetState                               .pioenvs/aurola/libFrameworkHALDriver.a(stm32f0xx_hal_tim.o)
HAL_TIM_IC_Init                                   .pioenvs/aurola/libFrameworkHALDriver.a(stm32f0xx_hal_tim.o)
HAL_TIM_IC_MspDeInit                              .pioenvs/aurola/libFrameworkHALDriver.a(stm32f0xx_hal_tim.o)
HAL_TIM_IC_MspInit                                .pioenvs/aurola/libFrameworkHALDriver.a(stm32f0xx_hal_tim.o)
HAL_TIM_IC_Start                                  .pioenvs/aurola/libFrameworkHALDriver.a(stm32f0xx_hal_tim.o)
HAL_TIM_IC_Start_DMA                              .pioenvs/aurola/libFrameworkHALDriver.a(stm32f0xx_hal_tim.o)
HAL_TIM_IC_Start_IT                               .pioenvs/aurola/libFrameworkHALDriver.a(stm32f0xx_hal_tim.o)
HAL_TIM_IC_Stop                                   .pioenvs/aurola/libFrameworkHALDriver.a(stm32f0xx_hal_tim.o)
HAL_TIM_IC_Stop_DMA                               .pioenvs/aurola/libFrameworkHALDriver.a(stm32f0xx_hal_tim.o)
HAL_TIM_IC_Stop_IT                                .pioenvs/aurola/libFrameworkHALDriver.a(stm32f0xx_hal_tim.o)
HAL_TIM_IRQHandler                                .pioenvs/aurola/libFrameworkHALDriver.a(stm32f0xx_hal_tim.o)
HAL_TIM_OC_ConfigChannel                          .pioenvs/aurola/libFrameworkHALDriver.a(stm32f0xx_hal_tim.o)
HAL_TIM_OC_DeInit                                 .pioenvs/aurola/libFrameworkHALDriver.a(stm32f0xx_hal_tim.o)
HAL_TIM_OC_DelayElapsedCallback                   .pioenvs/aurola/libFrameworkHALDriver.a(stm32f0xx_hal_tim.o)
HAL_TIM_OC_GetState                               .pioenvs/aurola/libFrameworkHALDriver.a(stm32f0xx_hal_tim.o)
HAL_TIM_OC_Init                                   .pioenvs/aurola/libFrameworkHALDriver.a(stm32f0xx_hal_tim.o)
HAL_TIM_OC_MspDeInit                              .pioenvs/aurola/libFrameworkHALDriver.a(stm32f0xx_hal_tim.o)
HAL_TIM_OC_MspInit                                .pioenvs/aurola/libFrameworkHALDriver.a(stm32f0xx_hal_tim.o)
HAL_TIM_OC_Start                                  .pioenvs/aurola/libFrameworkHALDriver.a(stm32f0xx_hal_tim.o)
HAL_TIM_OC_Start_DMA                              .pioenvs/aurola/libFrameworkHALDriver.a(stm32f0xx_hal_tim.o)
HAL_TIM_OC_Start_IT                               .pioenvs/aurola/libFrameworkHALDriver.a(stm32f0xx_hal_tim.o)
HAL_TIM_OC_Stop                                   .pioenvs/aurola/libFrameworkHALDriver.a(stm32f0xx_hal_tim.o)
HAL_TIM_OC_Stop_DMA                               .pioenvs/aurola/libFrameworkHALDriver.a(stm32f0xx_hal_tim.o)
HAL_TIM_OC_Stop_IT                                .pioenvs/aurola/libFrameworkHALDriver.a(stm32f0xx_hal_tim.o)
HAL_TIM_OnePulse_ConfigChannel                    .pioenvs/aurola/libFrameworkHALDriver.a(stm32f0xx_hal_tim.o)
HAL_TIM_OnePulse_DeInit                           .pioenvs/aurola/libFrameworkHALDriver.a(stm32f0xx_hal_tim.o)
HAL_TIM_OnePulse_GetState                         .pioenvs/aurola/libFrameworkHALDriver.a(stm32f0xx_hal_tim.o)
HAL_TIM_OnePulse_Init                             .pioenvs/aurola/libFrameworkHALDriver.a(stm32f0xx_hal_tim.o)
HAL_TIM_OnePulse_MspDeInit                        .pioenvs/aurola/libFrameworkHALDriver.a(stm32f0xx_hal_tim.o)
HAL_TIM_OnePulse_MspInit                          .pioenvs/aurola/libFrameworkHALDriver.a(stm32f0xx_hal_tim.o)
HAL_TIM_OnePulse_Start                            .pioenvs/aurola/libFrameworkHALDriver.a(stm32f0xx_hal_tim.o)
HAL_TIM_OnePulse_Start_IT                         .pioenvs/aurola/libFrameworkHALDriver.a(stm32f0xx_hal_tim.o)
HAL_TIM_OnePulse_Stop                             .pioenvs/aurola/libFrameworkHALDriver.a(stm32f0xx_hal_tim.o)
HAL_TIM_OnePulse_Stop_IT                          .pioenvs/aurola/libFrameworkHALDriver.a(stm32f0xx_hal_tim.o)
HAL_TIM_PWM_ConfigChannel                         .pioenvs/aurola/libFrameworkHALDriver.a(stm32f0xx_hal_tim.o)
                                                  .pioenvs/aurola/src/periph/pwm.o
HAL_TIM_PWM_DeInit                                .pioenvs/aurola/libFrameworkHALDriver.a(stm32f0xx_hal_tim.o)
HAL_TIM_PWM_GetState                              .pioenvs/aurola/libFrameworkHALDriver.a(stm32f0xx_hal_tim.o)
HAL_TIM_PWM_Init                                  .pioenvs/aurola/libFrameworkHALDriver.a(stm32f0xx_hal_tim.o)
                                                  .pioenvs/aurola/src/periph/pwm.o
HAL_TIM_PWM_MspDeInit                             .pioenvs/aurola/libFrameworkHALDriver.a(stm32f0xx_hal_tim.o)
HAL_TIM_PWM_MspInit                               .pioenvs/aurola/libFrameworkHALDriver.a(stm32f0xx_hal_tim.o)
HAL_TIM_PWM_PulseFinishedCallback                 .pioenvs/aurola/libFrameworkHALDriver.a(stm32f0xx_hal_tim.o)
HAL_TIM_PWM_Start                                 .pioenvs/aurola/libFrameworkHALDriver.a(stm32f0xx_hal_tim.o)
                                                  .pioenvs/aurola/src/periph/pwm.o
HAL_TIM_PWM_Start_DMA                             .pioenvs/aurola/libFrameworkHALDriver.a(stm32f0xx_hal_tim.o)
HAL_TIM_PWM_Start_IT                              .pioenvs/aurola/libFrameworkHALDriver.a(stm32f0xx_hal_tim.o)
HAL_TIM_PWM_Stop                                  .pioenvs/aurola/libFrameworkHALDriver.a(stm32f0xx_hal_tim.o)
                                                  .pioenvs/aurola/src/periph/pwm.o
HAL_TIM_PWM_Stop_DMA                              .pioenvs/aurola/libFrameworkHALDriver.a(stm32f0xx_hal_tim.o)
HAL_TIM_PWM_Stop_IT                               .pioenvs/aurola/libFrameworkHALDriver.a(stm32f0xx_hal_tim.o)
HAL_TIM_PeriodElapsedCallback                     .pioenvs/aurola/libFrameworkHALDriver.a(stm32f0xx_hal_tim.o)
HAL_TIM_ReadCapturedValue                         .pioenvs/aurola/libFrameworkHALDriver.a(stm32f0xx_hal_tim.o)
HAL_TIM_SlaveConfigSynchronization                .pioenvs/aurola/libFrameworkHALDriver.a(stm32f0xx_hal_tim.o)
HAL_TIM_SlaveConfigSynchronization_IT             .pioenvs/aurola/libFrameworkHALDriver.a(stm32f0xx_hal_tim.o)
HAL_TIM_TriggerCallback                           .pioenvs/aurola/libFrameworkHALDriver.a(stm32f0xx_hal_tim.o)
HAL_UARTEx_DisableStopMode                        .pioenvs/aurola/libFrameworkHALDriver.a(stm32f0xx_hal_uart_ex.o)
HAL_UARTEx_EnableStopMode                         .pioenvs/aurola/libFrameworkHALDriver.a(stm32f0xx_hal_uart_ex.o)
HAL_UARTEx_StopModeWakeUpSourceConfig             .pioenvs/aurola/libFrameworkHALDriver.a(stm32f0xx_hal_uart_ex.o)
HAL_UARTEx_WakeupCallback                         .pioenvs/aurola/libFrameworkHALDriver.a(stm32f0xx_hal_uart_ex.o)
                                                  .pioenvs/aurola/libFrameworkHALDriver.a(stm32f0xx_hal_uart.o)
HAL_UART_Abort                                    .pioenvs/aurola/libFrameworkHALDriver.a(stm32f0xx_hal_uart.o)
HAL_UART_AbortCpltCallback                        .pioenvs/aurola/libFrameworkHALDriver.a(stm32f0xx_hal_uart.o)
HAL_UART_AbortReceive                             .pioenvs/aurola/libFrameworkHALDriver.a(stm32f0xx_hal_uart.o)
HAL_UART_AbortReceiveCpltCallback                 .pioenvs/aurola/libFrameworkHALDriver.a(stm32f0xx_hal_uart.o)
HAL_UART_AbortReceive_IT                          .pioenvs/aurola/libFrameworkHALDriver.a(stm32f0xx_hal_uart.o)
HAL_UART_AbortTransmit                            .pioenvs/aurola/libFrameworkHALDriver.a(stm32f0xx_hal_uart.o)
HAL_UART_AbortTransmitCpltCallback                .pioenvs/aurola/libFrameworkHALDriver.a(stm32f0xx_hal_uart.o)
HAL_UART_AbortTransmit_IT                         .pioenvs/aurola/libFrameworkHALDriver.a(stm32f0xx_hal_uart.o)
HAL_UART_Abort_IT                                 .pioenvs/aurola/libFrameworkHALDriver.a(stm32f0xx_hal_uart.o)
HAL_UART_DMAPause                                 .pioenvs/aurola/libFrameworkHALDriver.a(stm32f0xx_hal_uart.o)
HAL_UART_DMAResume                                .pioenvs/aurola/libFrameworkHALDriver.a(stm32f0xx_hal_uart.o)
HAL_UART_DMAStop                                  .pioenvs/aurola/libFrameworkHALDriver.a(stm32f0xx_hal_uart.o)
HAL_UART_DeInit                                   .pioenvs/aurola/libFrameworkHALDriver.a(stm32f0xx_hal_uart.o)
HAL_UART_ErrorCallback                            .pioenvs/aurola/libFrameworkHALDriver.a(stm32f0xx_hal_uart.o)
HAL_UART_GetError                                 .pioenvs/aurola/libFrameworkHALDriver.a(stm32f0xx_hal_uart.o)
HAL_UART_GetState                                 .pioenvs/aurola/libFrameworkHALDriver.a(stm32f0xx_hal_uart.o)
HAL_UART_IRQHandler                               .pioenvs/aurola/libFrameworkHALDriver.a(stm32f0xx_hal_uart.o)
HAL_UART_Init                                     .pioenvs/aurola/libFrameworkHALDriver.a(stm32f0xx_hal_uart.o)
                                                  .pioenvs/aurola/src/drivers/drv_usart.o
HAL_UART_MspDeInit                                .pioenvs/aurola/libFrameworkHALDriver.a(stm32f0xx_hal_uart.o)
HAL_UART_MspInit                                  .pioenvs/aurola/libFrameworkHALDriver.a(stm32f0xx_hal_uart.o)
                                                  .pioenvs/aurola/libFrameworkHALDriver.a(stm32f0xx_hal_uart_ex.o)
HAL_UART_Receive                                  .pioenvs/aurola/libFrameworkHALDriver.a(stm32f0xx_hal_uart.o)
HAL_UART_Receive_DMA                              .pioenvs/aurola/libFrameworkHALDriver.a(stm32f0xx_hal_uart.o)
HAL_UART_Receive_IT                               .pioenvs/aurola/libFrameworkHALDriver.a(stm32f0xx_hal_uart.o)
HAL_UART_RxCpltCallback                           .pioenvs/aurola/libFrameworkHALDriver.a(stm32f0xx_hal_uart.o)
HAL_UART_RxHalfCpltCallback                       .pioenvs/aurola/libFrameworkHALDriver.a(stm32f0xx_hal_uart.o)
HAL_UART_Transmit                                 .pioenvs/aurola/libFrameworkHALDriver.a(stm32f0xx_hal_uart.o)
HAL_UART_Transmit_DMA                             .pioenvs/aurola/libFrameworkHALDriver.a(stm32f0xx_hal_uart.o)
HAL_UART_Transmit_IT                              .pioenvs/aurola/libFrameworkHALDriver.a(stm32f0xx_hal_uart.o)
HAL_UART_TxCpltCallback                           .pioenvs/aurola/libFrameworkHALDriver.a(stm32f0xx_hal_uart.o)
HAL_UART_TxHalfCpltCallback                       .pioenvs/aurola/libFrameworkHALDriver.a(stm32f0xx_hal_uart.o)
HardFault_Handler                                 .pioenvs/aurola/libd59/librt-thread.a(context_gcc.o)
I2Cx_IRQHandler                                   .pioenvs/aurola/src/periph/stm32f0xx_it.o
I2cHandle                                         .pioenvs/aurola/src/periph/stm32f0xx_it.o
NMI_Handler                                       .pioenvs/aurola/src/periph/stm32f0xx_it.o
PendSV_Handler                                    .pioenvs/aurola/libd59/librt-thread.a(context_gcc.o)
Reset_Handler                                     .pioenvs/aurola/lib049/librt-bsp_stm32f0xx_hal.a(gcc_startup.o)
SVC_Handler                                       .pioenvs/aurola/src/periph/stm32f0xx_it.o
SysTick_Handler                                   .pioenvs/aurola/lib049/librt-bsp_stm32f0xx_hal.a(board.o)
SystemCoreClock                                   .pioenvs/aurola/libFrameworkCMSISDevice.a(system_stm32f0xx.o)
                                                  .pioenvs/aurola/libFrameworkHALDriver.a(stm32f0xx_hal_rcc.o)
                                                  .pioenvs/aurola/lib049/librt-bsp_stm32f0xx_hal.a(board.o)
                                                  .pioenvs/aurola/src/periph/pwm.o
SystemCoreClockUpdate                             .pioenvs/aurola/libFrameworkCMSISDevice.a(system_stm32f0xx.o)
SystemInit                                        .pioenvs/aurola/libFrameworkCMSISDevice.a(system_stm32f0xx.o)
                                                  .pioenvs/aurola/lib049/librt-bsp_stm32f0xx_hal.a(gcc_startup.o)
TIMEx_DMACommutationCplt                          .pioenvs/aurola/libFrameworkHALDriver.a(stm32f0xx_hal_tim_ex.o)
                                                  .pioenvs/aurola/libFrameworkHALDriver.a(stm32f0xx_hal_tim.o)
TIM_Base_SetConfig                                .pioenvs/aurola/libFrameworkHALDriver.a(stm32f0xx_hal_tim.o)
                                                  .pioenvs/aurola/libFrameworkHALDriver.a(stm32f0xx_hal_tim_ex.o)
TIM_CCxChannelCmd                                 .pioenvs/aurola/libFrameworkHALDriver.a(stm32f0xx_hal_tim.o)
                                                  .pioenvs/aurola/libFrameworkHALDriver.a(stm32f0xx_hal_tim_ex.o)
TIM_DMACaptureCplt                                .pioenvs/aurola/libFrameworkHALDriver.a(stm32f0xx_hal_tim.o)
                                                  .pioenvs/aurola/libFrameworkHALDriver.a(stm32f0xx_hal_tim_ex.o)
TIM_DMADelayPulseCplt                             .pioenvs/aurola/libFrameworkHALDriver.a(stm32f0xx_hal_tim.o)
                                                  .pioenvs/aurola/libFrameworkHALDriver.a(stm32f0xx_hal_tim_ex.o)
TIM_DMAError                                      .pioenvs/aurola/libFrameworkHALDriver.a(stm32f0xx_hal_tim.o)
                                                  .pioenvs/aurola/libFrameworkHALDriver.a(stm32f0xx_hal_tim_ex.o)
TIM_ETR_SetConfig                                 .pioenvs/aurola/libFrameworkHALDriver.a(stm32f0xx_hal_tim.o)
                                                  .pioenvs/aurola/libFrameworkHALDriver.a(stm32f0xx_hal_tim_ex.o)
TIM_OC2_SetConfig                                 .pioenvs/aurola/libFrameworkHALDriver.a(stm32f0xx_hal_tim.o)
                                                  .pioenvs/aurola/libFrameworkHALDriver.a(stm32f0xx_hal_tim_ex.o)
TIM_TI1_SetConfig                                 .pioenvs/aurola/libFrameworkHALDriver.a(stm32f0xx_hal_tim.o)
                                                  .pioenvs/aurola/libFrameworkHALDriver.a(stm32f0xx_hal_tim_ex.o)
UART_AdvFeatureConfig                             .pioenvs/aurola/libFrameworkHALDriver.a(stm32f0xx_hal_uart.o)
                                                  .pioenvs/aurola/libFrameworkHALDriver.a(stm32f0xx_hal_uart_ex.o)
UART_CheckIdleState                               .pioenvs/aurola/libFrameworkHALDriver.a(stm32f0xx_hal_uart.o)
                                                  .pioenvs/aurola/libFrameworkHALDriver.a(stm32f0xx_hal_uart_ex.o)
UART_EndTransmit_IT                               .pioenvs/aurola/libFrameworkHALDriver.a(stm32f0xx_hal_uart.o)
UART_Receive_IT                                   .pioenvs/aurola/libFrameworkHALDriver.a(stm32f0xx_hal_uart.o)
UART_SetConfig                                    .pioenvs/aurola/libFrameworkHALDriver.a(stm32f0xx_hal_uart.o)
                                                  .pioenvs/aurola/libFrameworkHALDriver.a(stm32f0xx_hal_uart_ex.o)
UART_Transmit_IT                                  .pioenvs/aurola/libFrameworkHALDriver.a(stm32f0xx_hal_uart.o)
UART_WaitOnFlagUntilTimeout                       .pioenvs/aurola/libFrameworkHALDriver.a(stm32f0xx_hal_uart.o)
                                                  .pioenvs/aurola/libFrameworkHALDriver.a(stm32f0xx_hal_uart_ex.o)
USART1_IRQHandler                                 .pioenvs/aurola/src/drivers/drv_usart.o
__aeabi_idiv                                      /Users/chenks/.platformio/packages/toolchain-gccarmnoneeabi/bin/../lib/gcc/arm-none-eabi/7.2.1/thumb/v6-m/libgcc.a(_divsi3.o)
                                                  .pioenvs/aurola/libFrameworkCMSISDevice.a(system_stm32f0xx.o)
                                                  .pioenvs/aurola/libFrameworkHALDriver.a(stm32f0xx_hal_rcc.o)
                                                  .pioenvs/aurola/libd59/librt-thread.a(clock.o)
__aeabi_idiv0                                     /Users/chenks/.platformio/packages/toolchain-gccarmnoneeabi/bin/../lib/gcc/arm-none-eabi/7.2.1/thumb/v6-m/libgcc.a(_dvmd_tls.o)
                                                  /Users/chenks/.platformio/packages/toolchain-gccarmnoneeabi/bin/../lib/gcc/arm-none-eabi/7.2.1/thumb/v6-m/libgcc.a(_divsi3.o)
                                                  /Users/chenks/.platformio/packages/toolchain-gccarmnoneeabi/bin/../lib/gcc/arm-none-eabi/7.2.1/thumb/v6-m/libgcc.a(_udivsi3.o)
__aeabi_idivmod                                   /Users/chenks/.platformio/packages/toolchain-gccarmnoneeabi/bin/../lib/gcc/arm-none-eabi/7.2.1/thumb/v6-m/libgcc.a(_divsi3.o)
__aeabi_ldiv0                                     /Users/chenks/.platformio/packages/toolchain-gccarmnoneeabi/bin/../lib/gcc/arm-none-eabi/7.2.1/thumb/v6-m/libgcc.a(_dvmd_tls.o)
__aeabi_uidiv                                     /Users/chenks/.platformio/packages/toolchain-gccarmnoneeabi/bin/../lib/gcc/arm-none-eabi/7.2.1/thumb/v6-m/libgcc.a(_udivsi3.o)
                                                  .pioenvs/aurola/libe4e/librt-finsh.a(cmd.o)
                                                  .pioenvs/aurola/libFrameworkCMSISDevice.a(system_stm32f0xx.o)
                                                  .pioenvs/aurola/libFrameworkHALDriver.a(stm32f0xx_hal_uart.o)
                                                  .pioenvs/aurola/libFrameworkHALDriver.a(stm32f0xx_hal_rcc.o)
                                                  .pioenvs/aurola/libFrameworkHALDriver.a(stm32f0xx_hal_dma.o)
                                                  .pioenvs/aurola/libFrameworkHALDriver.a(stm32f0xx_hal.o)
                                                  .pioenvs/aurola/lib049/librt-bsp_stm32f0xx_hal.a(board.o)
                                                  .pioenvs/aurola/libd59/librt-thread.a(clock.o)
                                                  .pioenvs/aurola/libd59/librt-thread.a(kservice.o)
                                                  .pioenvs/aurola/src/periph/pwm.o
__aeabi_uidivmod                                  /Users/chenks/.platformio/packages/toolchain-gccarmnoneeabi/bin/../lib/gcc/arm-none-eabi/7.2.1/thumb/v6-m/libgcc.a(_udivsi3.o)
                                                  .pioenvs/aurola/libd59/librt-thread.a(kservice.o)
__bss_end__                                       .pioenvs/aurola/lib049/librt-bsp_stm32f0xx_hal.a(board.o)
                                                  /Users/chenks/.platformio/packages/toolchain-gccarmnoneeabi/bin/../lib/gcc/arm-none-eabi/7.2.1/../../../../arm-none-eabi/lib/thumb/v6-m/crt0.o
__bss_start__                                     /Users/chenks/.platformio/packages/toolchain-gccarmnoneeabi/bin/../lib/gcc/arm-none-eabi/7.2.1/../../../../arm-none-eabi/lib/thumb/v6-m/crt0.o
__call_exitprocs                                  /Users/chenks/.platformio/packages/toolchain-gccarmnoneeabi/bin/../lib/gcc/arm-none-eabi/7.2.1/../../../../arm-none-eabi/lib/thumb/v6-m/libc_nano.a(lib_a-exit.o)
__deregister_frame_info                           /Users/chenks/.platformio/packages/toolchain-gccarmnoneeabi/bin/../lib/gcc/arm-none-eabi/7.2.1/thumb/v6-m/crtbegin.o
__divsi3                                          /Users/chenks/.platformio/packages/toolchain-gccarmnoneeabi/bin/../lib/gcc/arm-none-eabi/7.2.1/thumb/v6-m/libgcc.a(_divsi3.o)
__dso_handle                                      /Users/chenks/.platformio/packages/toolchain-gccarmnoneeabi/bin/../lib/gcc/arm-none-eabi/7.2.1/thumb/v6-m/crtbegin.o
__fsym___cmd_list_device                          .pioenvs/aurola/libe4e/librt-finsh.a(cmd.o)
__fsym___cmd_list_device_name                     .pioenvs/aurola/libe4e/librt-finsh.a(cmd.o)
__fsym___cmd_list_mailbox                         .pioenvs/aurola/libe4e/librt-finsh.a(cmd.o)
__fsym___cmd_list_mailbox_name                    .pioenvs/aurola/libe4e/librt-finsh.a(cmd.o)
__fsym___cmd_list_sem                             .pioenvs/aurola/libe4e/librt-finsh.a(cmd.o)
__fsym___cmd_list_sem_name                        .pioenvs/aurola/libe4e/librt-finsh.a(cmd.o)
__fsym___cmd_list_thread                          .pioenvs/aurola/libe4e/librt-finsh.a(cmd.o)
__fsym___cmd_list_thread_name                     .pioenvs/aurola/libe4e/librt-finsh.a(cmd.o)
__fsym___cmd_list_timer                           .pioenvs/aurola/libe4e/librt-finsh.a(cmd.o)
__fsym___cmd_list_timer_name                      .pioenvs/aurola/libe4e/librt-finsh.a(cmd.o)
__fsym___cmd_version                              .pioenvs/aurola/libe4e/librt-finsh.a(cmd.o)
__fsym___cmd_version_name                         .pioenvs/aurola/libe4e/librt-finsh.a(cmd.o)
__fsym_hello                                      .pioenvs/aurola/libe4e/librt-finsh.a(cmd.o)
__fsym_hello_name                                 .pioenvs/aurola/libe4e/librt-finsh.a(cmd.o)
__fsym_list                                       .pioenvs/aurola/libe4e/librt-finsh.a(cmd.o)
__fsym_list_device                                .pioenvs/aurola/libe4e/librt-finsh.a(cmd.o)
__fsym_list_device_name                           .pioenvs/aurola/libe4e/librt-finsh.a(cmd.o)
__fsym_list_mailbox                               .pioenvs/aurola/libe4e/librt-finsh.a(cmd.o)
__fsym_list_mailbox_name                          .pioenvs/aurola/libe4e/librt-finsh.a(cmd.o)
__fsym_list_mem                                   .pioenvs/aurola/libd59/librt-thread.a(mem.o)
__fsym_list_mem_name                              .pioenvs/aurola/libd59/librt-thread.a(mem.o)
__fsym_list_name                                  .pioenvs/aurola/libe4e/librt-finsh.a(cmd.o)
__fsym_list_sem                                   .pioenvs/aurola/libe4e/librt-finsh.a(cmd.o)
__fsym_list_sem_name                              .pioenvs/aurola/libe4e/librt-finsh.a(cmd.o)
__fsym_list_thread                                .pioenvs/aurola/libe4e/librt-finsh.a(cmd.o)
__fsym_list_thread_name                           .pioenvs/aurola/libe4e/librt-finsh.a(cmd.o)
__fsym_list_timer                                 .pioenvs/aurola/libe4e/librt-finsh.a(cmd.o)
__fsym_list_timer_name                            .pioenvs/aurola/libe4e/librt-finsh.a(cmd.o)
__fsym_version                                    .pioenvs/aurola/libe4e/librt-finsh.a(cmd.o)
__fsym_version_name                               .pioenvs/aurola/libe4e/librt-finsh.a(cmd.o)
__gnu_thumb1_case_sqi                             /Users/chenks/.platformio/packages/toolchain-gccarmnoneeabi/bin/../lib/gcc/arm-none-eabi/7.2.1/thumb/v6-m/libgcc.a(_thumb1_case_sqi.o)
                                                  .pioenvs/aurola/libFrameworkHALDriver.a(stm32f0xx_hal_uart.o)
__gnu_thumb1_case_uqi                             /Users/chenks/.platformio/packages/toolchain-gccarmnoneeabi/bin/../lib/gcc/arm-none-eabi/7.2.1/thumb/v6-m/libgcc.a(_thumb1_case_uqi.o)
                                                  .pioenvs/aurola/libFrameworkHALDriver.a(stm32f0xx_hal_uart.o)
                                                  .pioenvs/aurola/libFrameworkHALDriver.a(stm32f0xx_hal_tim_ex.o)
                                                  .pioenvs/aurola/libFrameworkHALDriver.a(stm32f0xx_hal_tim.o)
                                                  .pioenvs/aurola/libFrameworkHALDriver.a(stm32f0xx_hal_dma.o)
                                                  .pioenvs/aurola/libd59/librt-thread.a(timer.o)
__init_array_end                                  /Users/chenks/.platformio/packages/toolchain-gccarmnoneeabi/bin/../lib/gcc/arm-none-eabi/7.2.1/../../../../arm-none-eabi/lib/thumb/v6-m/libc_nano.a(lib_a-init.o)
__init_array_start                                /Users/chenks/.platformio/packages/toolchain-gccarmnoneeabi/bin/../lib/gcc/arm-none-eabi/7.2.1/../../../../arm-none-eabi/lib/thumb/v6-m/libc_nano.a(lib_a-init.o)
__libc_fini_array                                 /Users/chenks/.platformio/packages/toolchain-gccarmnoneeabi/bin/../lib/gcc/arm-none-eabi/7.2.1/../../../../arm-none-eabi/lib/thumb/v6-m/crt0.o
__libc_init_array                                 /Users/chenks/.platformio/packages/toolchain-gccarmnoneeabi/bin/../lib/gcc/arm-none-eabi/7.2.1/../../../../arm-none-eabi/lib/thumb/v6-m/libc_nano.a(lib_a-init.o)
                                                  .pioenvs/aurola/lib049/librt-bsp_stm32f0xx_hal.a(gcc_startup.o)
                                                  /Users/chenks/.platformio/packages/toolchain-gccarmnoneeabi/bin/../lib/gcc/arm-none-eabi/7.2.1/../../../../arm-none-eabi/lib/thumb/v6-m/crt0.o
__lowest_bit_bitmap                               .pioenvs/aurola/libd59/librt-thread.a(kservice.o)
__preinit_array_end                               /Users/chenks/.platformio/packages/toolchain-gccarmnoneeabi/bin/../lib/gcc/arm-none-eabi/7.2.1/../../../../arm-none-eabi/lib/thumb/v6-m/libc_nano.a(lib_a-init.o)
__preinit_array_start                             /Users/chenks/.platformio/packages/toolchain-gccarmnoneeabi/bin/../lib/gcc/arm-none-eabi/7.2.1/../../../../arm-none-eabi/lib/thumb/v6-m/libc_nano.a(lib_a-init.o)
__real_SystemInit                                 .pioenvs/aurola/src/syscall.o
__register_frame_info                             /Users/chenks/.platformio/packages/toolchain-gccarmnoneeabi/bin/../lib/gcc/arm-none-eabi/7.2.1/thumb/v6-m/crtbegin.o
__rt_ffs                                          .pioenvs/aurola/libd59/librt-thread.a(kservice.o)
                                                  .pioenvs/aurola/libd59/librt-thread.a(scheduler.o)
__rt_init_rt_hw_usart_init                        .pioenvs/aurola/src/drivers/drv_usart.o
__rt_init_rti_board_end                           .pioenvs/aurola/libd59/librt-thread.a(components.o)
__rt_init_rti_board_start                         .pioenvs/aurola/libd59/librt-thread.a(components.o)
__rt_init_rti_end                                 .pioenvs/aurola/libd59/librt-thread.a(components.o)
__rt_init_rti_start                               .pioenvs/aurola/libd59/librt-thread.a(components.o)
__sf_fake_stderr                                  /Users/chenks/.platformio/packages/toolchain-gccarmnoneeabi/bin/../lib/gcc/arm-none-eabi/7.2.1/../../../../arm-none-eabi/lib/thumb/v6-m/libc_nano.a(lib_a-impure.o)
__sf_fake_stdin                                   /Users/chenks/.platformio/packages/toolchain-gccarmnoneeabi/bin/../lib/gcc/arm-none-eabi/7.2.1/../../../../arm-none-eabi/lib/thumb/v6-m/libc_nano.a(lib_a-impure.o)
__sf_fake_stdout                                  /Users/chenks/.platformio/packages/toolchain-gccarmnoneeabi/bin/../lib/gcc/arm-none-eabi/7.2.1/../../../../arm-none-eabi/lib/thumb/v6-m/libc_nano.a(lib_a-impure.o)
__stack                                           /Users/chenks/.platformio/packages/toolchain-gccarmnoneeabi/bin/../lib/gcc/arm-none-eabi/7.2.1/../../../../arm-none-eabi/lib/thumb/v6-m/crt0.o